Archive member included to satisfy reference by file (symbol)

c:/program files (x86)/atmel/studio/7.0/toolchain/arm/arm-gnu-toolchain/bin/../lib/gcc/arm-none-eabi/6.2.1/thumb/v6-m\libgcc.a(_udivsi3.o)
                              src/ASF/sam0/drivers/sercom/i2c/i2c_sam0/i2c_master.o (__aeabi_uidiv)
c:/program files (x86)/atmel/studio/7.0/toolchain/arm/arm-gnu-toolchain/bin/../lib/gcc/arm-none-eabi/6.2.1/thumb/v6-m\libgcc.a(_divsi3.o)
                              src/main.o (__aeabi_idiv)
c:/program files (x86)/atmel/studio/7.0/toolchain/arm/arm-gnu-toolchain/bin/../lib/gcc/arm-none-eabi/6.2.1/thumb/v6-m\libgcc.a(_dvmd_tls.o)
                              c:/program files (x86)/atmel/studio/7.0/toolchain/arm/arm-gnu-toolchain/bin/../lib/gcc/arm-none-eabi/6.2.1/thumb/v6-m\libgcc.a(_udivsi3.o) (__aeabi_idiv0)
c:/program files (x86)/atmel/studio/7.0/toolchain/arm/arm-gnu-toolchain/bin/../lib/gcc/arm-none-eabi/6.2.1/thumb/v6-m\libgcc.a(_muldi3.o)
                              src/ASF/sam0/drivers/sercom/sercom.o (__aeabi_lmul)
c:/program files (x86)/atmel/studio/7.0/toolchain/arm/arm-gnu-toolchain/bin/../lib/gcc/arm-none-eabi/6.2.1/../../../../arm-none-eabi/lib/thumb/v6-m\libc_nano.a(lib_a-exit.o)
                              c:/program files (x86)/atmel/studio/7.0/toolchain/arm/arm-gnu-toolchain/bin/../lib/gcc/arm-none-eabi/6.2.1/../../../../arm-none-eabi/lib/thumb/v6-m/crt0.o (exit)
c:/program files (x86)/atmel/studio/7.0/toolchain/arm/arm-gnu-toolchain/bin/../lib/gcc/arm-none-eabi/6.2.1/../../../../arm-none-eabi/lib/thumb/v6-m\libc_nano.a(lib_a-impure.o)
                              c:/program files (x86)/atmel/studio/7.0/toolchain/arm/arm-gnu-toolchain/bin/../lib/gcc/arm-none-eabi/6.2.1/../../../../arm-none-eabi/lib/thumb/v6-m\libc_nano.a(lib_a-exit.o) (_global_impure_ptr)
c:/program files (x86)/atmel/studio/7.0/toolchain/arm/arm-gnu-toolchain/bin/../lib/gcc/arm-none-eabi/6.2.1/../../../../arm-none-eabi/lib/thumb/v6-m\libc_nano.a(lib_a-init.o)
                              c:/program files (x86)/atmel/studio/7.0/toolchain/arm/arm-gnu-toolchain/bin/../lib/gcc/arm-none-eabi/6.2.1/../../../../arm-none-eabi/lib/thumb/v6-m/crt0.o (__libc_init_array)
c:/program files (x86)/atmel/studio/7.0/toolchain/arm/arm-gnu-toolchain/bin/../lib/gcc/arm-none-eabi/6.2.1/../../../../arm-none-eabi/lib/thumb/v6-m\libc_nano.a(lib_a-memset.o)
                              c:/program files (x86)/atmel/studio/7.0/toolchain/arm/arm-gnu-toolchain/bin/../lib/gcc/arm-none-eabi/6.2.1/../../../../arm-none-eabi/lib/thumb/v6-m/crt0.o (memset)

Allocating common symbols
Common symbol       size              file

_tcc_instances      0x4               src/ASF/sam0/drivers/tcc/tcc_callback.o
tc_instance2        0x1c              src/find_pwm.o
z_left_a            0x28              src/main.o
_tc_instances       0x8               src/ASF/sam0/drivers/tc/tc_interrupt.o
_sercom_instances   0x8               src/ASF/sam0/drivers/sercom/sercom_interrupt.o
tcc_instance0       0x40              src/i2c_encoders.o
_extint_dev         0x40              src/ASF/sam0/drivers/extint/extint_sam_d_r_h/extint.o
tc_instance1        0x1c              src/i2c_encoders.o
i2c_master_encoder  0x28              src/i2c_encoders.o
x_left_a            0x28              src/main.o
_current_channel    0x1               src/ASF/sam0/drivers/extint/extint_callback.o
y_left_a            0x28              src/main.o
error_code          0x1               src/i2c_encoders.o

Discarded input sections

 .text          0x00000000        0x0 c:/program files (x86)/atmel/studio/7.0/toolchain/arm/arm-gnu-toolchain/bin/../lib/gcc/arm-none-eabi/6.2.1/thumb/v6-m/crti.o
 .data          0x00000000        0x0 c:/program files (x86)/atmel/studio/7.0/toolchain/arm/arm-gnu-toolchain/bin/../lib/gcc/arm-none-eabi/6.2.1/thumb/v6-m/crti.o
 .bss           0x00000000        0x0 c:/program files (x86)/atmel/studio/7.0/toolchain/arm/arm-gnu-toolchain/bin/../lib/gcc/arm-none-eabi/6.2.1/thumb/v6-m/crti.o
 .data          0x00000000        0x4 c:/program files (x86)/atmel/studio/7.0/toolchain/arm/arm-gnu-toolchain/bin/../lib/gcc/arm-none-eabi/6.2.1/thumb/v6-m/crtbegin.o
 .text          0x00000000       0x78 c:/program files (x86)/atmel/studio/7.0/toolchain/arm/arm-gnu-toolchain/bin/../lib/gcc/arm-none-eabi/6.2.1/../../../../arm-none-eabi/lib/thumb/v6-m/crt0.o
 .data          0x00000000        0x0 c:/program files (x86)/atmel/studio/7.0/toolchain/arm/arm-gnu-toolchain/bin/../lib/gcc/arm-none-eabi/6.2.1/../../../../arm-none-eabi/lib/thumb/v6-m/crt0.o
 .bss           0x00000000        0x0 c:/program files (x86)/atmel/studio/7.0/toolchain/arm/arm-gnu-toolchain/bin/../lib/gcc/arm-none-eabi/6.2.1/../../../../arm-none-eabi/lib/thumb/v6-m/crt0.o
 .ARM.extab     0x00000000        0x0 c:/program files (x86)/atmel/studio/7.0/toolchain/arm/arm-gnu-toolchain/bin/../lib/gcc/arm-none-eabi/6.2.1/../../../../arm-none-eabi/lib/thumb/v6-m/crt0.o
[...]
Memory Configuration

Name             Origin             Length             Attributes
rom              0x00000000         0x00004000         xr
ram              0x20000000         0x00001000         xrw
*default*        0x00000000         0xffffffff

Linker script and memory map

LOAD c:/program files (x86)/atmel/studio/7.0/toolchain/arm/arm-gnu-toolchain/bin/../lib/gcc/arm-none-eabi/6.2.1/thumb/v6-m/crti.o
LOAD c:/program files (x86)/atmel/studio/7.0/toolchain/arm/arm-gnu-toolchain/bin/../lib/gcc/arm-none-eabi/6.2.1/thumb/v6-m/crtbegin.o
LOAD c:/program files (x86)/atmel/studio/7.0/toolchain/arm/arm-gnu-toolchain/bin/../lib/gcc/arm-none-eabi/6.2.1/../../../../arm-none-eabi/lib/thumb/v6-m/crt0.o
LOAD src/ASF/sam0/drivers/extint/extint_callback.o
LOAD src/ASF/sam0/drivers/extint/extint_sam_d_r_h/extint.o
LOAD src/ASF/sam0/drivers/port/port.o
LOAD src/ASF/sam0/drivers/sercom/i2c/i2c_sam0/i2c_master.o
LOAD src/ASF/sam0/drivers/sercom/i2c/i2c_sam0/i2c_master_interrupt.o
LOAD src/ASF/sam0/drivers/tcc/tcc.o
LOAD src/ASF/sam0/drivers/tcc/tcc_callback.o
LOAD src/ASF/sam0/drivers/tc/tc_sam_d_r_h/tc.o
LOAD src/ASF/sam0/drivers/tc/tc_interrupt.o
LOAD src/ASF/sam0/drivers/sercom/sercom.o
LOAD src/ASF/sam0/drivers/sercom/sercom_interrupt.o
LOAD src/find_pwm.o
LOAD src/i2c_encoders.o
LOAD src/main.o
LOAD src/servo_control.o
LOAD src/ASF/common2/boards/user_board/init.o
LOAD src/ASF/common/utils/interrupt/interrupt_sam_nvic.o
LOAD src/ASF/sam0/drivers/system/clock/clock_samd09_d10_d11/clock.o
LOAD src/ASF/sam0/drivers/system/clock/clock_samd09_d10_d11/gclk.o
LOAD src/ASF/sam0/drivers/system/interrupt/system_interrupt.o
LOAD src/ASF/sam0/drivers/system/pinmux/pinmux.o
LOAD src/ASF/sam0/drivers/system/system.o
LOAD src/ASF/sam0/utils/cmsis/samd10/source/gcc/startup_samd10.o
LOAD src/ASF/sam0/utils/cmsis/samd10/source/system_samd10.o
LOAD src/ASF/sam0/utils/syscalls/gcc/syscalls.o
START GROUP
LOAD ../src/ASF/thirdparty/CMSIS/Lib/GCC\libarm_cortexM0l_math.a
LOAD c:/program files (x86)/atmel/studio/7.0/toolchain/arm/arm-gnu-toolchain/bin/../lib/gcc/arm-none-eabi/6.2.1/../../../../arm-none-eabi/lib/thumb/v6-m\libm.a
END GROUP
START GROUP
LOAD c:/program files (x86)/atmel/studio/7.0/toolchain/arm/arm-gnu-toolchain/bin/../lib/gcc/arm-none-eabi/6.2.1/thumb/v6-m\libgcc.a
LOAD c:/program files (x86)/atmel/studio/7.0/toolchain/arm/arm-gnu-toolchain/bin/../lib/gcc/arm-none-eabi/6.2.1/../../../../arm-none-eabi/lib/thumb/v6-m\libc_nano.a
END GROUP
START GROUP
LOAD c:/program files (x86)/atmel/studio/7.0/toolchain/arm/arm-gnu-toolchain/bin/../lib/gcc/arm-none-eabi/6.2.1/thumb/v6-m\libgcc.a
LOAD c:/program files (x86)/atmel/studio/7.0/toolchain/arm/arm-gnu-toolchain/bin/../lib/gcc/arm-none-eabi/6.2.1/../../../../arm-none-eabi/lib/thumb/v6-m\libc_nano.a
END GROUP
LOAD c:/program files (x86)/atmel/studio/7.0/toolchain/arm/arm-gnu-toolchain/bin/../lib/gcc/arm-none-eabi/6.2.1/thumb/v6-m/crtend.o
LOAD c:/program files (x86)/atmel/studio/7.0/toolchain/arm/arm-gnu-toolchain/bin/../lib/gcc/arm-none-eabi/6.2.1/thumb/v6-m/crtn.o
                0x00000400                STACK_SIZE = DEFINED (STACK_SIZE)?STACK_SIZE:DEFINED (__stack_size__)?__stack_size__:0x400

.text           0x00000000     0x2950
                0x00000000                . = ALIGN (0x4)
                0x00000000                _sfixed = .
 *(.vectors .vectors.*)
 .vectors       0x00000000       0x8c src/ASF/sam0/utils/cmsis/samd10/source/gcc/startup_samd10.o
                0x00000000                exception_table
 *(.text .text.* .gnu.linkonce.t.*)
 .text          0x0000008c       0x60 c:/program files (x86)/atmel/studio/7.0/toolchain/arm/arm-gnu-toolchain/bin/../lib/gcc/arm-none-eabi/6.2.1/thumb/v6-m/crtbegin.o
 .text.extint_register_callback
                0x000000ec       0x2c src/ASF/sam0/drivers/extint/extint_callback.o
                0x000000ec                extint_register_callback
 .text.extint_chan_enable_callback
                0x00000118       0x20 src/ASF/sam0/drivers/extint/extint_callback.o
                0x00000118                extint_chan_enable_callback
 .text.EIC_Handler
                0x00000138       0x54 src/ASF/sam0/drivers/extint/extint_callback.o
                0x00000138                EIC_Handler
 .text._extint_enable
                0x0000018c       0x18 src/ASF/sam0/drivers/extint/extint_sam_d_r_h/extint.o
 .text._system_extint_init
                0x000001a4       0x6c src/ASF/sam0/drivers/extint/extint_sam_d_r_h/extint.o
                0x000001a4                _system_extint_init
 .text.extint_chan_get_config_defaults
                0x00000210       0x14 src/ASF/sam0/drivers/extint/extint_sam_d_r_h/extint.o
                0x00000210                extint_chan_get_config_defaults
 .text.extint_chan_set_config
                0x00000224       0x78 src/ASF/sam0/drivers/extint/extint_sam_d_r_h/extint.o
                0x00000224                extint_chan_set_config
 .text.port_pin_set_config
                0x0000029c       0x24 src/ASF/sam0/drivers/port/port.o
                0x0000029c                port_pin_set_config
 .text._i2c_master_wait_for_sync
                0x000002c0        0xc src/ASF/sam0/drivers/sercom/i2c/i2c_sam0/i2c_master.o
 .text.i2c_master_init
                0x000002cc      0x23c src/ASF/sam0/drivers/sercom/i2c/i2c_sam0/i2c_master.o
                0x000002cc                i2c_master_init
 .text._i2c_master_address_response
                0x00000508       0x30 src/ASF/sam0/drivers/sercom/i2c/i2c_sam0/i2c_master.o
                0x00000508                _i2c_master_address_response
 .text._i2c_master_wait_for_bus
                0x00000538       0x2c src/ASF/sam0/drivers/sercom/i2c/i2c_sam0/i2c_master.o
                0x00000538                _i2c_master_wait_for_bus
 .text._i2c_master_send_hs_master_code
                0x00000564       0x20 src/ASF/sam0/drivers/sercom/i2c/i2c_sam0/i2c_master.o
                0x00000564                _i2c_master_send_hs_master_code
 .text._i2c_master_read_packet
                0x00000584      0x1a0 src/ASF/sam0/drivers/sercom/i2c/i2c_sam0/i2c_master.o
 .text._i2c_master_write_packet
                0x00000724       0xf4 src/ASF/sam0/drivers/sercom/i2c/i2c_sam0/i2c_master.o
 .text.i2c_master_read_packet_wait
                0x00000818       0x24 src/ASF/sam0/drivers/sercom/i2c/i2c_sam0/i2c_master.o
                0x00000818                i2c_master_read_packet_wait
 .text.i2c_master_write_packet_wait
                0x0000083c       0x24 src/ASF/sam0/drivers/sercom/i2c/i2c_sam0/i2c_master.o
                0x0000083c                i2c_master_write_packet_wait
 .text._i2c_master_wait_for_sync
                0x00000860        0xc src/ASF/sam0/drivers/sercom/i2c/i2c_sam0/i2c_master_interrupt.o
 .text._i2c_master_read
                0x0000086c       0x88 src/ASF/sam0/drivers/sercom/i2c/i2c_sam0/i2c_master_interrupt.o
 .text._i2c_master_write
                0x000008f4       0x3c src/ASF/sam0/drivers/sercom/i2c/i2c_sam0/i2c_master_interrupt.o
 .text._i2c_master_interrupt_handler
                0x00000930      0x1ec src/ASF/sam0/drivers/sercom/i2c/i2c_sam0/i2c_master_interrupt.o
                0x00000930                _i2c_master_interrupt_handler
 .text._tcc_get_inst_index
                0x00000b1c        0x4 src/ASF/sam0/drivers/tcc/tcc.o
                0x00000b1c                _tcc_get_inst_index
 .text._tcc_set_compare_value
                0x00000b20       0x58 src/ASF/sam0/drivers/tcc/tcc.o
 .text.tcc_get_config_defaults
                0x00000b78      0x13c src/ASF/sam0/drivers/tcc/tcc.o
                0x00000b78                tcc_get_config_defaults
 .text.tcc_init
                0x00000cb4      0x388 src/ASF/sam0/drivers/tcc/tcc.o
                0x00000cb4                tcc_init
 .text.tcc_set_compare_value
                0x0000103c       0x10 src/ASF/sam0/drivers/tcc/tcc.o
                0x0000103c                tcc_set_compare_value
 .text._tcc_interrupt_handler
                0x0000104c       0x4c src/ASF/sam0/drivers/tcc/tcc_callback.o
                0x0000104c                _tcc_interrupt_handler
 .text.TCC0_Handler
                0x00001098       0x10 src/ASF/sam0/drivers/tcc/tcc_callback.o
                0x00001098                TCC0_Handler
 .text._tc_get_inst_index
                0x000010a8       0x24 src/ASF/sam0/drivers/tc/tc_sam_d_r_h/tc.o
                0x000010a8                _tc_get_inst_index
 .text.tc_init  0x000010cc      0x230 src/ASF/sam0/drivers/tc/tc_sam_d_r_h/tc.o
                0x000010cc                tc_init
 .text.tc_set_count_value
                0x000012fc       0x32 src/ASF/sam0/drivers/tc/tc_sam_d_r_h/tc.o
                0x000012fc                tc_set_count_value
 .text.tc_get_count_value
                0x0000132e       0x2c src/ASF/sam0/drivers/tc/tc_sam_d_r_h/tc.o
                0x0000132e                tc_get_count_value
 *fill*         0x0000135a        0x2 
 .text._tc_interrupt_handler
                0x0000135c       0x64 src/ASF/sam0/drivers/tc/tc_interrupt.o
                0x0000135c                _tc_interrupt_handler
 .text.TC1_Handler
                0x000013c0       0x10 src/ASF/sam0/drivers/tc/tc_interrupt.o
                0x000013c0                TC1_Handler
 .text.TC2_Handler
                0x000013d0       0x10 src/ASF/sam0/drivers/tc/tc_interrupt.o
                0x000013d0                TC2_Handler
 .text.sercom_set_gclk_generator
                0x000013e0       0x4c src/ASF/sam0/drivers/sercom/sercom.o
                0x000013e0                sercom_set_gclk_generator
 .text._sercom_get_default_pad
                0x0000142c       0x80 src/ASF/sam0/drivers/sercom/sercom.o
                0x0000142c                _sercom_get_default_pad
 .text._sercom_get_sercom_inst_index
                0x000014ac       0x24 src/ASF/sam0/drivers/sercom/sercom.o
                0x000014ac                _sercom_get_sercom_inst_index
 .text._sercom_default_handler
                0x000014d0        0x2 src/ASF/sam0/drivers/sercom/sercom_interrupt.o
 *fill*         0x000014d2        0x2 
 .text._sercom_set_handler
                0x000014d4       0x38 src/ASF/sam0/drivers/sercom/sercom_interrupt.o
                0x000014d4                _sercom_set_handler
 .text._sercom_get_interrupt_vector
                0x0000150c       0x1c src/ASF/sam0/drivers/sercom/sercom_interrupt.o
                0x0000150c                _sercom_get_interrupt_vector
 .text.SERCOM0_Handler
                0x00001528       0x10 src/ASF/sam0/drivers/sercom/sercom_interrupt.o
                0x00001528                SERCOM0_Handler
 .text.SERCOM1_Handler
                0x00001538       0x10 src/ASF/sam0/drivers/sercom/sercom_interrupt.o
                0x00001538                SERCOM1_Handler
 .text.pwm_detection_callback
                0x00001548       0x98 src/find_pwm.o
                0x00001548                pwm_detection_callback
 .text.config_tc2
                0x000015e0       0x64 src/find_pwm.o
                0x000015e0                config_tc2
 .text.configure_pwm_rising_extint
                0x00001644       0x34 src/find_pwm.o
                0x00001644                configure_pwm_rising_extint
 .text.configure_ext_callback
                0x00001678       0x24 src/find_pwm.o
                0x00001678                configure_ext_callback
 .text.initialize_find_pwm
                0x0000169c       0x1c src/find_pwm.o
                0x0000169c                initialize_find_pwm
 .text.write_data_encoders
                0x000016b8       0x34 src/i2c_encoders.o
                0x000016b8                write_data_encoders
 .text.config_I2C_SERCOM2
                0x000016ec       0xb8 src/i2c_encoders.o
                0x000016ec                config_I2C_SERCOM2
 .text.initialize_encoder
                0x000017a4       0x28 src/i2c_encoders.o
                0x000017a4                initialize_encoder
 .text.config_encoder
                0x000017cc       0x14 src/i2c_encoders.o
                0x000017cc                config_encoder
 .text.configure_encoder
                0x000017e0        0xc src/i2c_encoders.o
                0x000017e0                configure_encoder
 .text.configure_enable_pins
                0x000017ec       0x44 src/i2c_encoders.o
                0x000017ec                configure_enable_pins
 .text.config_motors
                0x00001830       0x78 src/i2c_encoders.o
                0x00001830                config_motors
 .text.enable_motor
                0x000018a8       0x14 src/i2c_encoders.o
                0x000018a8                enable_motor
 .text.set_motor
                0x000018bc       0x3c src/i2c_encoders.o
                0x000018bc                set_motor
 .text.find_mode
                0x000018f8      0x108 src/main.o
                0x000018f8                find_mode
 .text.set_motion
                0x00001a00       0x78 src/main.o
                0x00001a00                set_motion
 .text.convert2degree
                0x00001a78       0x70 src/main.o
                0x00001a78                convert2degree
 .text.check    0x00001ae8      0x1e0 src/main.o
                0x00001ae8                check
 .text.check_pwm
                0x00001cc8       0x34 src/main.o
                0x00001cc8                check_pwm
 .text.check_motor
                0x00001cfc       0x5c src/main.o
                0x00001cfc                check_motor
 .text.main     0x00001d58       0x44 src/main.o
                0x00001d58                main
 .text.get_data_encoders
                0x00001d9c       0x34 src/servo_control.o
                0x00001d9c                get_data_encoders
 .text.read_encoders
                0x00001dd0       0xc4 src/servo_control.o
                0x00001dd0                read_encoders
 .text.system_board_init
                0x00001e94        0x2 src/ASF/common2/boards/user_board/init.o
                0x00001e94                board_init
                0x00001e94                system_board_init
 *fill*         0x00001e96        0x2 
 .text.cpu_irq_enter_critical
                0x00001e98       0x40 src/ASF/common/utils/interrupt/interrupt_sam_nvic.o
                0x00001e98                cpu_irq_enter_critical
 .text.cpu_irq_leave_critical
                0x00001ed8       0x30 src/ASF/common/utils/interrupt/interrupt_sam_nvic.o
                0x00001ed8                cpu_irq_leave_critical
 .text.system_clock_source_get_hz
                0x00001f08       0x90 src/ASF/sam0/drivers/system/clock/clock_samd09_d10_d11/clock.o
                0x00001f08                system_clock_source_get_hz
 .text.system_clock_source_osc8m_set_config
                0x00001f98       0x3c src/ASF/sam0/drivers/system/clock/clock_samd09_d10_d11/clock.o
                0x00001f98                system_clock_source_osc8m_set_config
 .text.system_clock_source_enable
                0x00001fd4       0xa8 src/ASF/sam0/drivers/system/clock/clock_samd09_d10_d11/clock.o
                0x00001fd4                system_clock_source_enable
 .text.system_clock_init
                0x0000207c       0x98 src/ASF/sam0/drivers/system/clock/clock_samd09_d10_d11/clock.o
                0x0000207c                system_clock_init
 .text.system_gclk_init
                0x00002114       0x24 src/ASF/sam0/drivers/system/clock/clock_samd09_d10_d11/gclk.o
                0x00002114                system_gclk_init
 .text.system_gclk_gen_set_config
                0x00002138       0xb8 src/ASF/sam0/drivers/system/clock/clock_samd09_d10_d11/gclk.o
                0x00002138                system_gclk_gen_set_config
 .text.system_gclk_gen_enable
                0x000021f0       0x44 src/ASF/sam0/drivers/system/clock/clock_samd09_d10_d11/gclk.o
                0x000021f0                system_gclk_gen_enable
 .text.system_gclk_gen_get_hz
                0x00002234       0x8c src/ASF/sam0/drivers/system/clock/clock_samd09_d10_d11/gclk.o
                0x00002234                system_gclk_gen_get_hz
 .text.system_gclk_chan_enable
                0x000022c0       0x30 src/ASF/sam0/drivers/system/clock/clock_samd09_d10_d11/gclk.o
                0x000022c0                system_gclk_chan_enable
 .text.system_gclk_chan_disable
                0x000022f0       0x5c src/ASF/sam0/drivers/system/clock/clock_samd09_d10_d11/gclk.o
                0x000022f0                system_gclk_chan_disable
 .text.system_gclk_chan_set_config
                0x0000234c       0x1c src/ASF/sam0/drivers/system/clock/clock_samd09_d10_d11/gclk.o
                0x0000234c                system_gclk_chan_set_config
 .text.system_gclk_chan_get_hz
                0x00002368       0x34 src/ASF/sam0/drivers/system/clock/clock_samd09_d10_d11/gclk.o
                0x00002368                system_gclk_chan_get_hz
 .text._system_pinmux_config
                0x0000239c       0xa8 src/ASF/sam0/drivers/system/pinmux/pinmux.o
 .text.system_pinmux_pin_set_config
                0x00002444       0x30 src/ASF/sam0/drivers/system/pinmux/pinmux.o
                0x00002444                system_pinmux_pin_set_config
 .text._system_dummy_init
                0x00002474        0x2 src/ASF/sam0/drivers/system/system.o
                0x00002474                _system_events_init
                0x00002474                _system_dummy_init
                0x00002474                _system_divas_init
 *fill*         0x00002476        0x2 
 .text.system_init
                0x00002478       0x2c src/ASF/sam0/drivers/system/system.o
                0x00002478                system_init
 .text.Dummy_Handler
                0x000024a4        0x2 src/ASF/sam0/utils/cmsis/samd10/source/gcc/startup_samd10.o
                0x000024a4                DMAC_Handler
                0x000024a4                HardFault_Handler
                0x000024a4                AC_Handler
                0x000024a4                SysTick_Handler
                0x000024a4                PendSV_Handler
                0x000024a4                NMI_Handler
                0x000024a4                ADC_Handler
                0x000024a4                RTC_Handler
                0x000024a4                WDT_Handler
                0x000024a4                Dummy_Handler
                0x000024a4                PM_Handler
                0x000024a4                SVC_Handler
                0x000024a4                EVSYS_Handler
                0x000024a4                NVMCTRL_Handler
                0x000024a4                DAC_Handler
                0x000024a4                PTC_Handler
                0x000024a4                SYSCTRL_Handler
 *fill*         0x000024a6        0x2 
 .text.Reset_Handler
                0x000024a8       0xd0 src/ASF/sam0/utils/cmsis/samd10/source/gcc/startup_samd10.o
                0x000024a8                Reset_Handler
 .text          0x00002578      0x114 c:/program files (x86)/atmel/studio/7.0/toolchain/arm/arm-gnu-toolchain/bin/../lib/gcc/arm-none-eabi/6.2.1/thumb/v6-m\libgcc.a(_udivsi3.o)
                0x00002578                __aeabi_uidiv
                0x00002578                __udivsi3
                0x00002684                __aeabi_uidivmod
 .text          0x0000268c      0x1d4 c:/program files (x86)/atmel/studio/7.0/toolchain/arm/arm-gnu-toolchain/bin/../lib/gcc/arm-none-eabi/6.2.1/thumb/v6-m\libgcc.a(_divsi3.o)
                0x0000268c                __divsi3
                0x0000268c                __aeabi_idiv
                0x00002858                __aeabi_idivmod
 .text          0x00002860        0x4 c:/program files (x86)/atmel/studio/7.0/toolchain/arm/arm-gnu-toolchain/bin/../lib/gcc/arm-none-eabi/6.2.1/thumb/v6-m\libgcc.a(_dvmd_tls.o)
                0x00002860                __aeabi_idiv0
                0x00002860                __aeabi_ldiv0
 .text.__libc_init_array
                0x00002864       0x48 c:/program files (x86)/atmel/studio/7.0/toolchain/arm/arm-gnu-toolchain/bin/../lib/gcc/arm-none-eabi/6.2.1/../../../../arm-none-eabi/lib/thumb/v6-m\libc_nano.a(lib_a-init.o)
                0x00002864                __libc_init_array
 *(.glue_7t)
 .glue_7t       0x000028ac        0x0 linker stubs
 *(.glue_7)
 .glue_7        0x000028ac        0x0 linker stubs
 *(.rodata .rodata* .gnu.linkonce.r.*)
 .rodata._tcc_intflag
                0x000028ac       0x30 src/ASF/sam0/drivers/tcc/tcc_callback.o
                0x000028ac                _tcc_intflag
 .rodata        0x000028dc        0xc src/servo_control.o
 .rodata.system_clock_source_get_hz
                0x000028e8       0x24 src/ASF/sam0/drivers/system/clock/clock_samd09_d10_d11/clock.o
 .rodata.system_clock_source_enable
                0x0000290c       0x24 src/ASF/sam0/drivers/system/clock/clock_samd09_d10_d11/clock.o
 *(.ARM.extab* .gnu.linkonce.armextab.*)
                0x00002930                . = ALIGN (0x4)
 *(.init)
 .init          0x00002930        0x4 c:/program files (x86)/atmel/studio/7.0/toolchain/arm/arm-gnu-toolchain/bin/../lib/gcc/arm-none-eabi/6.2.1/thumb/v6-m/crti.o
                0x00002930                _init
 .init          0x00002934        0x8 c:/program files (x86)/atmel/studio/7.0/toolchain/arm/arm-gnu-toolchain/bin/../lib/gcc/arm-none-eabi/6.2.1/thumb/v6-m/crtn.o
                0x0000293c                . = ALIGN (0x4)
                0x0000293c                __preinit_array_start = .
 *(.preinit_array)
                0x0000293c                __preinit_array_end = .
                0x0000293c                . = ALIGN (0x4)
                0x0000293c                __init_array_start = .
 *(SORT(.init_array.*))
 *(.init_array)
 .init_array    0x0000293c        0x4 c:/program files (x86)/atmel/studio/7.0/toolchain/arm/arm-gnu-toolchain/bin/../lib/gcc/arm-none-eabi/6.2.1/thumb/v6-m/crtbegin.o
                0x00002940                __init_array_end = .
                0x00002940                . = ALIGN (0x4)
 *crtbegin.o(.ctors)
 *(EXCLUDE_FILE(*crtend.o) .ctors)
 *(SORT(.ctors.*))
 *crtend.o(.ctors)
                0x00002940                . = ALIGN (0x4)
 *(.fini)
 .fini          0x00002940        0x4 c:/program files (x86)/atmel/studio/7.0/toolchain/arm/arm-gnu-toolchain/bin/../lib/gcc/arm-none-eabi/6.2.1/thumb/v6-m/crti.o
                0x00002940                _fini
 .fini          0x00002944        0x8 c:/program files (x86)/atmel/studio/7.0/toolchain/arm/arm-gnu-toolchain/bin/../lib/gcc/arm-none-eabi/6.2.1/thumb/v6-m/crtn.o
                0x0000294c                . = ALIGN (0x4)
                0x0000294c                __fini_array_start = .
 *(.fini_array)
 .fini_array    0x0000294c        0x4 c:/program files (x86)/atmel/studio/7.0/toolchain/arm/arm-gnu-toolchain/bin/../lib/gcc/arm-none-eabi/6.2.1/thumb/v6-m/crtbegin.o
 *(SORT(.fini_array.*))
                0x00002950                __fini_array_end = .
 *crtbegin.o(.dtors)
 *(EXCLUDE_FILE(*crtend.o) .dtors)
 *(SORT(.dtors.*))
 *crtend.o(.dtors)
                0x00002950                . = ALIGN (0x4)
                0x00002950                _efixed = .
                [!provide]                PROVIDE (__exidx_start, .)

.vfp11_veneer   0x00002950        0x0
 .vfp11_veneer  0x00002950        0x0 linker stubs

.v4_bx          0x00002950        0x0
 .v4_bx         0x00002950        0x0 linker stubs

.iplt           0x00002950        0x0
 .iplt          0x00002950        0x0 c:/program files (x86)/atmel/studio/7.0/toolchain/arm/arm-gnu-toolchain/bin/../lib/gcc/arm-none-eabi/6.2.1/thumb/v6-m/crtbegin.o

.eh_frame       0x00002950        0x0
 .eh_frame      0x00002950        0x0 c:/program files (x86)/atmel/studio/7.0/toolchain/arm/arm-gnu-toolchain/bin/../lib/gcc/arm-none-eabi/6.2.1/thumb/v6-m/crtbegin.o

.rel.dyn        0x00002950        0x0
 .rel.iplt      0x00002950        0x0 c:/program files (x86)/atmel/studio/7.0/toolchain/arm/arm-gnu-toolchain/bin/../lib/gcc/arm-none-eabi/6.2.1/thumb/v6-m/crtbegin.o

.jcr            0x00002950        0x0
 .jcr           0x00002950        0x0 c:/program files (x86)/atmel/studio/7.0/toolchain/arm/arm-gnu-toolchain/bin/../lib/gcc/arm-none-eabi/6.2.1/thumb/v6-m/crtbegin.o

.igot.plt       0x00002950        0x0
 .igot.plt      0x00002950        0x0 c:/program files (x86)/atmel/studio/7.0/toolchain/arm/arm-gnu-toolchain/bin/../lib/gcc/arm-none-eabi/6.2.1/thumb/v6-m/crtbegin.o

.ARM.exidx
 *(.ARM.exidx* .gnu.linkonce.armexidx.*)
                [!provide]                PROVIDE (__exidx_end, .)
                0x00002950                . = ALIGN (0x4)
                0x00002950                _etext = .

.relocate       0x20000000        0x4 load address 0x00002950
                0x20000000                . = ALIGN (0x4)
                0x20000000                _srelocate = .
 *(.ramfunc .ramfunc.*)
 *(.data .data.*)
 .data.interrupt_edge.11981
                0x20000000        0x1 src/find_pwm.o
 .data.position_error
                0x20000001        0x1 src/main.o
                0x20000001                position_error
 .data.g_interrupt_enabled
                0x20000002        0x1 src/ASF/common/utils/interrupt/interrupt_sam_nvic.o
                0x20000002                g_interrupt_enabled
                0x20000004                . = ALIGN (0x4)
 *fill*         0x20000003        0x1 
                0x20000004                _erelocate = .

.bss            0x20000004      0x780 load address 0x00002954
                0x20000004                . = ALIGN (0x4)
                0x20000004                _sbss = .
                0x20000004                _szero = .
 *(.bss .bss.*)
 .bss           0x20000004       0x1c c:/program files (x86)/atmel/studio/7.0/toolchain/arm/arm-gnu-toolchain/bin/../lib/gcc/arm-none-eabi/6.2.1/thumb/v6-m/crtbegin.o
 .bss._sercom_config
                0x20000020        0x2 src/ASF/sam0/drivers/sercom/sercom.o
 .bss._handler_table_initialized
                0x20000022        0x1 src/ASF/sam0/drivers/sercom/sercom_interrupt.o
 *fill*         0x20000023        0x1 
 .bss._sercom_interrupt_handlers
                0x20000024        0x8 src/ASF/sam0/drivers/sercom/sercom_interrupt.o
 .bss.count_i.11982
                0x2000002c        0x4 src/find_pwm.o
 .bss.avg_x.12041
                0x20000030       0x8c src/main.o
 .bss.avg_y.12042
                0x200000bc       0x8c src/main.o
 .bss.count_i.12046
                0x20000148        0x4 src/main.o
 .bss.filter_enable
                0x2000014c        0x4 src/main.o
                0x2000014c                filter_enable
 .bss.initialization.12050
                0x20000150        0x1 src/main.o
 *fill*         0x20000151        0x3 
 .bss.j.12003   0x20000154        0x4 src/main.o
 .bss.pos_x.12033
                0x20000158       0x28 src/main.o
 .bss.position.12049
                0x20000180        0x4 src/main.o
 .bss.present_mode.12057
                0x20000184        0x4 src/main.o
 .bss.prev_pwm_value.12061
                0x20000188        0x4 src/main.o
 .bss.pwm_available
                0x2000018c        0x1 src/main.o
                0x2000018c                pwm_available
 *fill*         0x2000018d        0x3 
 .bss.pwm_rawvalue
                0x20000190       0x3c src/main.o
                0x20000190                pwm_rawvalue
 .bss.stop_flag
                0x200001cc        0x4 src/main.o
                0x200001cc                stop_flag
 .bss.storage_array_x.12039
                0x200001d0       0x14 src/main.o
 .bss.storage_array_y.12040
                0x200001e4       0x14 src/main.o
 .bss.temp.12062
                0x200001f8        0x4 src/main.o
 .bss.verify_count.12045
                0x200001fc        0x2 src/main.o
 *fill*         0x200001fe        0x2 
 .bss.verify_motion.12044
                0x20000200      0x3e8 src/main.o
 .bss.bufferReceive_encoder
                0x200005e8        0x7 src/servo_control.o
 *fill*         0x200005ef        0x1 
 .bss.cpu_irq_critical_section_counter
                0x200005f0        0x4 src/ASF/common/utils/interrupt/interrupt_sam_nvic.o
 .bss.cpu_irq_prev_interrupt_state
                0x200005f4        0x1 src/ASF/common/utils/interrupt/interrupt_sam_nvic.o
 *fill*         0x200005f5        0x3 
 .bss._system_clock_inst
                0x200005f8       0x18 src/ASF/sam0/drivers/system/clock/clock_samd09_d10_d11/clock.o
 *(COMMON)
 COMMON         0x20000610        0x1 src/ASF/sam0/drivers/extint/extint_callback.o
                0x20000610                _current_channel
 *fill*         0x20000611        0x3 
 COMMON         0x20000614       0x40 src/ASF/sam0/drivers/extint/extint_sam_d_r_h/extint.o
                0x20000614                _extint_dev
 COMMON         0x20000654        0x4 src/ASF/sam0/drivers/tcc/tcc_callback.o
                0x20000654                _tcc_instances
 COMMON         0x20000658        0x8 src/ASF/sam0/drivers/tc/tc_interrupt.o
                0x20000658                _tc_instances
 COMMON         0x20000660        0x8 src/ASF/sam0/drivers/sercom/sercom_interrupt.o
                0x20000660                _sercom_instances
 COMMON         0x20000668       0x1c src/find_pwm.o
                0x20000668                tc_instance2
 COMMON         0x20000684       0x85 src/i2c_encoders.o
                0x20000684                tcc_instance0
                0x200006c4                tc_instance1
                0x200006e0                i2c_master_encoder
                0x20000708                error_code
 *fill*         0x20000709        0x3 
 COMMON         0x2000070c       0x78 src/main.o
                0x2000070c                z_left_a
                0x20000734                x_left_a
                0x2000075c                y_left_a
                0x20000784                . = ALIGN (0x4)
                0x20000784                _ebss = .
                0x20000784                _ezero = .

.stack          0x20000784      0x404 load address 0x000030d4
                0x20000788                . = ALIGN (0x8)
 *fill*         0x20000784        0x4 
                0x20000788                _sstack = .
                0x20000b88                . = (. + STACK_SIZE)
 *fill*         0x20000788      0x400 
                0x20000b88                . = ALIGN (0x8)
                0x20000b88                _estack = .
                0x20000b88                . = ALIGN (0x4)
                0x20000b88                _end = .
OUTPUT(GccBoardProject2.elf elf32-littlearm)

.ARM.attributes
                0x00000000       0x28
 .ARM.attributes
                0x00000000       0x1e c:/program files (x86)/atmel/studio/7.0/toolchain/arm/arm-gnu-toolchain/bin/../lib/gcc/arm-none-eabi/6.2.1/thumb/v6-m/crti.o
 .ARM.attributes
                0x0000001e       0x2c c:/program files (x86)/atmel/studio/7.0/toolchain/arm/arm-gnu-toolchain/bin/../lib/gcc/arm-none-eabi/6.2.1/thumb/v6-m/crtbegin.o
 .ARM.attributes
                0x0000004a       0x32 src/ASF/sam0/drivers/extint/extint_callback.o
 .ARM.attributes
                0x0000007c       0x32 src/ASF/sam0/drivers/extint/extint_sam_d_r_h/extint.o
 .ARM.attributes
                0x000000ae       0x32 src/ASF/sam0/drivers/port/port.o
 .ARM.attributes
                0x000000e0       0x32 src/ASF/sam0/drivers/sercom/i2c/i2c_sam0/i2c_master.o
 .ARM.attributes
                0x00000112       0x32 src/ASF/sam0/drivers/sercom/i2c/i2c_sam0/i2c_master_interrupt.o
 .ARM.attributes
                0x00000144       0x32 src/ASF/sam0/drivers/tcc/tcc.o
 .ARM.attributes
                0x00000176       0x32 src/ASF/sam0/drivers/tcc/tcc_callback.o
 .ARM.attributes
                0x000001a8       0x32 src/ASF/sam0/drivers/tc/tc_sam_d_r_h/tc.o
 .ARM.attributes
                0x000001da       0x32 src/ASF/sam0/drivers/tc/tc_interrupt.o
 .ARM.attributes
                0x0000020c       0x32 src/ASF/sam0/drivers/sercom/sercom.o
 .ARM.attributes
                0x0000023e       0x32 src/ASF/sam0/drivers/sercom/sercom_interrupt.o
 .ARM.attributes
                0x00000270       0x32 src/find_pwm.o
 .ARM.attributes
                0x000002a2       0x32 src/i2c_encoders.o
 .ARM.attributes
                0x000002d4       0x32 src/main.o
 .ARM.attributes
                0x00000306       0x32 src/servo_control.o
 .ARM.attributes
                0x00000338       0x32 src/ASF/common2/boards/user_board/init.o
 .ARM.attributes
                0x0000036a       0x32 src/ASF/common/utils/interrupt/interrupt_sam_nvic.o
 .ARM.attributes
                0x0000039c       0x32 src/ASF/sam0/drivers/system/clock/clock_samd09_d10_d11/clock.o
 .ARM.attributes
                0x000003ce       0x32 src/ASF/sam0/drivers/system/clock/clock_samd09_d10_d11/gclk.o
 .ARM.attributes
                0x00000400       0x32 src/ASF/sam0/drivers/system/pinmux/pinmux.o
 .ARM.attributes
                0x00000432       0x32 src/ASF/sam0/drivers/system/system.o
 .ARM.attributes
                0x00000464       0x32 src/ASF/sam0/utils/cmsis/samd10/source/gcc/startup_samd10.o
 .ARM.attributes
                0x00000496       0x1e c:/program files (x86)/atmel/studio/7.0/toolchain/arm/arm-gnu-toolchain/bin/../lib/gcc/arm-none-eabi/6.2.1/thumb/v6-m\libgcc.a(_udivsi3.o)
 .ARM.attributes
                0x000004b4       0x1e c:/program files (x86)/atmel/studio/7.0/toolchain/arm/arm-gnu-toolchain/bin/../lib/gcc/arm-none-eabi/6.2.1/thumb/v6-m\libgcc.a(_divsi3.o)
 .ARM.attributes
                0x000004d2       0x1e c:/program files (x86)/atmel/studio/7.0/toolchain/arm/arm-gnu-toolchain/bin/../lib/gcc/arm-none-eabi/6.2.1/thumb/v6-m\libgcc.a(_dvmd_tls.o)
 .ARM.attributes
                0x000004f0       0x2c c:/program files (x86)/atmel/studio/7.0/toolchain/arm/arm-gnu-toolchain/bin/../lib/gcc/arm-none-eabi/6.2.1/../../../../arm-none-eabi/lib/thumb/v6-m\libc_nano.a(lib_a-init.o)
 .ARM.attributes
                0x0000051c       0x1e c:/program files (x86)/atmel/studio/7.0/toolchain/arm/arm-gnu-toolchain/bin/../lib/gcc/arm-none-eabi/6.2.1/thumb/v6-m/crtn.o

.comment        0x00000000       0x59
 .comment       0x00000000       0x59 src/ASF/sam0/drivers/extint/extint_callback.o
                                 0x5a (size before relaxing)
 .comment       0x00000059       0x5a src/ASF/sam0/drivers/extint/extint_sam_d_r_h/extint.o
 .comment       0x00000059       0x5a src/ASF/sam0/drivers/port/port.o
 .comment       0x00000059       0x5a src/ASF/sam0/drivers/sercom/i2c/i2c_sam0/i2c_master.o
 .comment       0x00000059       0x5a src/ASF/sam0/drivers/sercom/i2c/i2c_sam0/i2c_master_interrupt.o
 .comment       0x00000059       0x5a src/ASF/sam0/drivers/tcc/tcc.o
 .comment       0x00000059       0x5a src/ASF/sam0/drivers/tcc/tcc_callback.o
 .comment       0x00000059       0x5a src/ASF/sam0/drivers/tc/tc_sam_d_r_h/tc.o
 .comment       0x00000059       0x5a src/ASF/sam0/drivers/tc/tc_interrupt.o
 .comment       0x00000059       0x5a src/ASF/sam0/drivers/sercom/sercom.o
 .comment       0x00000059       0x5a src/ASF/sam0/drivers/sercom/sercom_interrupt.o
 .comment       0x00000059       0x5a src/find_pwm.o
 .comment       0x00000059       0x5a src/i2c_encoders.o
 .comment       0x00000059       0x5a src/main.o
 .comment       0x00000059       0x5a src/servo_control.o
 .comment       0x00000059       0x5a src/ASF/common2/boards/user_board/init.o
 .comment       0x00000059       0x5a src/ASF/common/utils/interrupt/interrupt_sam_nvic.o
 .comment       0x00000059       0x5a src/ASF/sam0/drivers/system/clock/clock_samd09_d10_d11/clock.o
 .comment       0x00000059       0x5a src/ASF/sam0/drivers/system/clock/clock_samd09_d10_d11/gclk.o
 .comment       0x00000059       0x5a src/ASF/sam0/drivers/system/pinmux/pinmux.o
 .comment       0x00000059       0x5a src/ASF/sam0/drivers/system/system.o
 .comment       0x00000059       0x5a src/ASF/sam0/utils/cmsis/samd10/source/gcc/startup_samd10.o

.debug_info     0x00000000    0x3f098
 .debug_info    0x00000000     0x16d0 src/ASF/sam0/drivers/extint/extint_callback.o
 .debug_info    0x000016d0     0x2750 src/ASF/sam0/drivers/extint/extint_sam_d_r_h/extint.o
 .debug_info    0x00003e20     0x12ac src/ASF/sam0/drivers/port/port.o
 .debug_info    0x000050cc     0x4fa2 src/ASF/sam0/drivers/sercom/i2c/i2c_sam0/i2c_master.o
 .debug_info    0x0000a06e     0x3127 src/ASF/sam0/drivers/sercom/i2c/i2c_sam0/i2c_master_interrupt.o
 .debug_info    0x0000d195     0x4b6e src/ASF/sam0/drivers/tcc/tcc.o
 .debug_info    0x00011d03     0x301f src/ASF/sam0/drivers/tcc/tcc_callback.o
 .debug_info    0x00014d22     0x2eb9 src/ASF/sam0/drivers/tc/tc_sam_d_r_h/tc.o
 .debug_info    0x00017bdb     0x1ae3 src/ASF/sam0/drivers/tc/tc_interrupt.o
 .debug_info    0x000196be     0x2d80 src/ASF/sam0/drivers/sercom/sercom.o
 .debug_info    0x0001c43e     0x2ac6 src/ASF/sam0/drivers/sercom/sercom_interrupt.o
 .debug_info    0x0001ef04     0x2a19 src/find_pwm.o
 .debug_info    0x0002191d     0x772c src/i2c_encoders.o
 .debug_info    0x00029049     0x5f30 src/main.o
 .debug_info    0x0002ef79     0x5e0e src/servo_control.o
 .debug_info    0x00034d87      0xa7a src/ASF/common2/boards/user_board/init.o
 .debug_info    0x00035801      0xafb src/ASF/common/utils/interrupt/interrupt_sam_nvic.o
 .debug_info    0x000362fc     0x3654 src/ASF/sam0/drivers/system/clock/clock_samd09_d10_d11/clock.o
 .debug_info    0x00039950     0x1e47 src/ASF/sam0/drivers/system/clock/clock_samd09_d10_d11/gclk.o
 .debug_info    0x0003b797     0x13ea src/ASF/sam0/drivers/system/pinmux/pinmux.o
 .debug_info    0x0003cb81      0xa67 src/ASF/sam0/drivers/system/system.o
 .debug_info    0x0003d5e8     0x1ab0 src/ASF/sam0/utils/cmsis/samd10/source/gcc/startup_samd10.o

.debug_abbrev   0x00000000     0x4c71
 .debug_abbrev  0x00000000      0x333 src/ASF/sam0/drivers/extint/extint_callback.o
 .debug_abbrev  0x00000333      0x4a7 src/ASF/sam0/drivers/extint/extint_sam_d_r_h/extint.o
 .debug_abbrev  0x000007da      0x298 src/ASF/sam0/drivers/port/port.o
 .debug_abbrev  0x00000a72      0x4ef src/ASF/sam0/drivers/sercom/i2c/i2c_sam0/i2c_master.o
 .debug_abbrev  0x00000f61      0x427 src/ASF/sam0/drivers/sercom/i2c/i2c_sam0/i2c_master_interrupt.o
 .debug_abbrev  0x00001388      0x49b src/ASF/sam0/drivers/tcc/tcc.o
 .debug_abbrev  0x00001823      0x389 src/ASF/sam0/drivers/tcc/tcc_callback.o
 .debug_abbrev  0x00001bac      0x44f src/ASF/sam0/drivers/tc/tc_sam_d_r_h/tc.o
 .debug_abbrev  0x00001ffb      0x2ff src/ASF/sam0/drivers/tc/tc_interrupt.o
 .debug_abbrev  0x000022fa      0x376 src/ASF/sam0/drivers/sercom/sercom.o
 .debug_abbrev  0x00002670      0x2da src/ASF/sam0/drivers/sercom/sercom_interrupt.o
 .debug_abbrev  0x0000294a      0x363 src/find_pwm.o
 .debug_abbrev  0x00002cad      0x440 src/i2c_encoders.o
 .debug_abbrev  0x000030ed      0x42f src/main.o
 .debug_abbrev  0x0000351c      0x3c6 src/servo_control.o
 .debug_abbrev  0x000038e2      0x1be src/ASF/common2/boards/user_board/init.o
 .debug_abbrev  0x00003aa0      0x22c src/ASF/common/utils/interrupt/interrupt_sam_nvic.o
 .debug_abbrev  0x00003ccc      0x465 src/ASF/sam0/drivers/system/clock/clock_samd09_d10_d11/clock.o
 .debug_abbrev  0x00004131      0x3f1 src/ASF/sam0/drivers/system/clock/clock_samd09_d10_d11/gclk.o
 .debug_abbrev  0x00004522      0x36e src/ASF/sam0/drivers/system/pinmux/pinmux.o
 .debug_abbrev  0x00004890      0x1e1 src/ASF/sam0/drivers/system/system.o
 .debug_abbrev  0x00004a71      0x200 src/ASF/sam0/utils/cmsis/samd10/source/gcc/startup_samd10.o

.debug_loc      0x00000000     0x71af
 .debug_loc     0x00000000      0x2ac src/ASF/sam0/drivers/extint/extint_callback.o
 .debug_loc     0x000002ac      0x43d src/ASF/sam0/drivers/extint/extint_sam_d_r_h/extint.o
 .debug_loc     0x000006e9      0x13d src/ASF/sam0/drivers/port/port.o
 .debug_loc     0x00000826      0xf6e src/ASF/sam0/drivers/sercom/i2c/i2c_sam0/i2c_master.o
 .debug_loc     0x00001794      0x7ec src/ASF/sam0/drivers/sercom/i2c/i2c_sam0/i2c_master_interrupt.o
 .debug_loc     0x00001f80     0x12f8 src/ASF/sam0/drivers/tcc/tcc.o
 .debug_loc     0x00003278      0x205 src/ASF/sam0/drivers/tcc/tcc_callback.o
 .debug_loc     0x0000347d      0xdb9 src/ASF/sam0/drivers/tc/tc_sam_d_r_h/tc.o
 .debug_loc     0x00004236      0x168 src/ASF/sam0/drivers/tc/tc_interrupt.o
 .debug_loc     0x0000439e      0x7b4 src/ASF/sam0/drivers/sercom/sercom.o
 .debug_loc     0x00004b52      0x10d src/ASF/sam0/drivers/sercom/sercom_interrupt.o
 .debug_loc     0x00004c5f      0x135 src/find_pwm.o
 .debug_loc     0x00004d94      0x5c1 src/i2c_encoders.o
 .debug_loc     0x00005355      0x3e6 src/main.o
 .debug_loc     0x0000573b      0x2a8 src/servo_control.o
 .debug_loc     0x000059e3      0xefb src/ASF/sam0/drivers/system/clock/clock_samd09_d10_d11/clock.o
 .debug_loc     0x000068de      0x504 src/ASF/sam0/drivers/system/clock/clock_samd09_d10_d11/gclk.o
 .debug_loc     0x00006de2      0x36d src/ASF/sam0/drivers/system/pinmux/pinmux.o
 .debug_loc     0x0000714f       0x20 src/ASF/sam0/drivers/system/system.o
 .debug_loc     0x0000716f       0x40 src/ASF/sam0/utils/cmsis/samd10/source/gcc/startup_samd10.o

.debug_aranges  0x00000000      0x738
 .debug_aranges
                0x00000000       0x48 src/ASF/sam0/drivers/extint/extint_callback.o
 .debug_aranges
                0x00000048       0x50 src/ASF/sam0/drivers/extint/extint_sam_d_r_h/extint.o
 .debug_aranges
                0x00000098       0x28 src/ASF/sam0/drivers/port/port.o
 .debug_aranges
                0x000000c0       0xa0 src/ASF/sam0/drivers/sercom/i2c/i2c_sam0/i2c_master.o
 .debug_aranges
                0x00000160       0x90 src/ASF/sam0/drivers/sercom/i2c/i2c_sam0/i2c_master_interrupt.o
 .debug_aranges
                0x000001f0       0xb0 src/ASF/sam0/drivers/tcc/tcc.o
 .debug_aranges
                0x000002a0       0x48 src/ASF/sam0/drivers/tcc/tcc_callback.o
 .debug_aranges
                0x000002e8       0x58 src/ASF/sam0/drivers/tc/tc_sam_d_r_h/tc.o
 .debug_aranges
                0x00000340       0x40 src/ASF/sam0/drivers/tc/tc_interrupt.o
 .debug_aranges
                0x00000380       0x48 src/ASF/sam0/drivers/sercom/sercom.o
 .debug_aranges
                0x000003c8       0x40 src/ASF/sam0/drivers/sercom/sercom_interrupt.o
 .debug_aranges
                0x00000408       0x48 src/find_pwm.o
 .debug_aranges
                0x00000450       0x98 src/i2c_encoders.o
 .debug_aranges
                0x000004e8       0x50 src/main.o
 .debug_aranges
                0x00000538       0x30 src/servo_control.o
 .debug_aranges
                0x00000568       0x20 src/ASF/common2/boards/user_board/init.o
 .debug_aranges
                0x00000588       0x28 src/ASF/common/utils/interrupt/interrupt_sam_nvic.o
 .debug_aranges
                0x000005b0       0x78 src/ASF/sam0/drivers/system/clock/clock_samd09_d10_d11/clock.o
 .debug_aranges
                0x00000628       0x80 src/ASF/sam0/drivers/system/clock/clock_samd09_d10_d11/gclk.o
 .debug_aranges
                0x000006a8       0x40 src/ASF/sam0/drivers/system/pinmux/pinmux.o
 .debug_aranges
                0x000006e8       0x28 src/ASF/sam0/drivers/system/system.o
 .debug_aranges
                0x00000710       0x28 src/ASF/sam0/utils/cmsis/samd10/source/gcc/startup_samd10.o

.debug_ranges   0x00000000      0x760
 .debug_ranges  0x00000000       0x90 src/ASF/sam0/drivers/extint/extint_callback.o
 .debug_ranges  0x00000090       0x40 src/ASF/sam0/drivers/extint/extint_sam_d_r_h/extint.o
 .debug_ranges  0x000000d0       0x18 src/ASF/sam0/drivers/port/port.o
 .debug_ranges  0x000000e8       0xa8 src/ASF/sam0/drivers/sercom/i2c/i2c_sam0/i2c_master.o
 .debug_ranges  0x00000190       0x98 src/ASF/sam0/drivers/sercom/i2c/i2c_sam0/i2c_master_interrupt.o
 .debug_ranges  0x00000228      0x118 src/ASF/sam0/drivers/tcc/tcc.o
 .debug_ranges  0x00000340       0x38 src/ASF/sam0/drivers/tcc/tcc_callback.o
 .debug_ranges  0x00000378       0x98 src/ASF/sam0/drivers/tc/tc_sam_d_r_h/tc.o
 .debug_ranges  0x00000410       0x30 src/ASF/sam0/drivers/tc/tc_interrupt.o
 .debug_ranges  0x00000440       0x58 src/ASF/sam0/drivers/sercom/sercom.o
 .debug_ranges  0x00000498       0x30 src/ASF/sam0/drivers/sercom/sercom_interrupt.o
 .debug_ranges  0x000004c8       0x38 src/find_pwm.o
 .debug_ranges  0x00000500       0x88 src/i2c_encoders.o
 .debug_ranges  0x00000588       0x40 src/main.o
 .debug_ranges  0x000005c8       0x20 src/servo_control.o
 .debug_ranges  0x000005e8       0x10 src/ASF/common2/boards/user_board/init.o
 .debug_ranges  0x000005f8       0x18 src/ASF/common/utils/interrupt/interrupt_sam_nvic.o
 .debug_ranges  0x00000610       0x68 src/ASF/sam0/drivers/system/clock/clock_samd09_d10_d11/clock.o
 .debug_ranges  0x00000678       0x88 src/ASF/sam0/drivers/system/clock/clock_samd09_d10_d11/gclk.o
 .debug_ranges  0x00000700       0x30 src/ASF/sam0/drivers/system/pinmux/pinmux.o
 .debug_ranges  0x00000730       0x18 src/ASF/sam0/drivers/system/system.o
 .debug_ranges  0x00000748       0x18 src/ASF/sam0/utils/cmsis/samd10/source/gcc/startup_samd10.o

.debug_macro    0x00000000    0x169c4
 .debug_macro   0x00000000      0x4b5 src/ASF/sam0/drivers/extint/extint_callback.o
 .debug_macro   0x000004b5      0x8bc src/ASF/sam0/drivers/extint/extint_callback.o
 .debug_macro   0x00000d71      0x16d src/ASF/sam0/drivers/extint/extint_callback.o
 .debug_macro   0x00000ede      0x64b src/ASF/sam0/drivers/extint/extint_callback.o
 .debug_macro   0x00001529       0x22 src/ASF/sam0/drivers/extint/extint_callback.o
 .debug_macro   0x0000154b       0x87 src/ASF/sam0/drivers/extint/extint_callback.o
 .debug_macro   0x000015d2       0x51 src/ASF/sam0/drivers/extint/extint_callback.o
 .debug_macro   0x00001623       0xef src/ASF/sam0/drivers/extint/extint_callback.o
 .debug_macro   0x00001712       0x6a src/ASF/sam0/drivers/extint/extint_callback.o
 .debug_macro   0x0000177c      0x1df src/ASF/sam0/drivers/extint/extint_callback.o
 .debug_macro   0x0000195b       0x10 src/ASF/sam0/drivers/extint/extint_callback.o
 .debug_macro   0x0000196b       0x76 src/ASF/sam0/drivers/extint/extint_callback.o
 .debug_macro   0x000019e1       0x16 src/ASF/sam0/drivers/extint/extint_callback.o
 .debug_macro   0x000019f7      0x6e5 src/ASF/sam0/drivers/extint/extint_callback.o
 .debug_macro   0x000020dc      0xde2 src/ASF/sam0/drivers/extint/extint_callback.o
 .debug_macro   0x00002ebe       0x22 src/ASF/sam0/drivers/extint/extint_callback.o
 .debug_macro   0x00002ee0       0x40 src/ASF/sam0/drivers/extint/extint_callback.o
 .debug_macro   0x00002f20       0x3a src/ASF/sam0/drivers/extint/extint_callback.o
 .debug_macro   0x00002f5a       0x1f src/ASF/sam0/drivers/extint/extint_callback.o
 .debug_macro   0x00002f79      0x250 src/ASF/sam0/drivers/extint/extint_callback.o
 .debug_macro   0x000031c9      0x682 src/ASF/sam0/drivers/extint/extint_callback.o
 .debug_macro   0x0000384b      0x8c1 src/ASF/sam0/drivers/extint/extint_callback.o
 .debug_macro   0x0000410c      0x235 src/ASF/sam0/drivers/extint/extint_callback.o
 .debug_macro   0x00004341      0xbde src/ASF/sam0/drivers/extint/extint_callback.o
 .debug_macro   0x00004f1f      0x5b8 src/ASF/sam0/drivers/extint/extint_callback.o
 .debug_macro   0x000054d7      0x7cb src/ASF/sam0/drivers/extint/extint_callback.o
 .debug_macro   0x00005ca2      0x4e6 src/ASF/sam0/drivers/extint/extint_callback.o
 .debug_macro   0x00006188      0x3ac src/ASF/sam0/drivers/extint/extint_callback.o
 .debug_macro   0x00006534      0x19a src/ASF/sam0/drivers/extint/extint_callback.o
 .debug_macro   0x000066ce      0x226 src/ASF/sam0/drivers/extint/extint_callback.o
 .debug_macro   0x000068f4      0x745 src/ASF/sam0/drivers/extint/extint_callback.o
 .debug_macro   0x00007039       0x5e src/ASF/sam0/drivers/extint/extint_callback.o
 .debug_macro   0x00007097      0x610 src/ASF/sam0/drivers/extint/extint_callback.o
 .debug_macro   0x000076a7      0x3b8 src/ASF/sam0/drivers/extint/extint_callback.o
 .debug_macro   0x00007a5f      0xc55 src/ASF/sam0/drivers/extint/extint_callback.o
 .debug_macro   0x000086b4     0x1093 src/ASF/sam0/drivers/extint/extint_callback.o
 .debug_macro   0x00009747      0xc19 src/ASF/sam0/drivers/extint/extint_callback.o
 .debug_macro   0x0000a360      0x6c2 src/ASF/sam0/drivers/extint/extint_callback.o
 .debug_macro   0x0000aa22     0x1b94 src/ASF/sam0/drivers/extint/extint_callback.o
 .debug_macro   0x0000c5b6      0x351 src/ASF/sam0/drivers/extint/extint_callback.o
 .debug_macro   0x0000c907       0x7c src/ASF/sam0/drivers/extint/extint_callback.o
 .debug_macro   0x0000c983       0xa0 src/ASF/sam0/drivers/extint/extint_callback.o
 .debug_macro   0x0000ca23       0x4c src/ASF/sam0/drivers/extint/extint_callback.o
 .debug_macro   0x0000ca6f       0xca src/ASF/sam0/drivers/extint/extint_callback.o
 .debug_macro   0x0000cb39       0xbe src/ASF/sam0/drivers/extint/extint_callback.o
 .debug_macro   0x0000cbf7       0x58 src/ASF/sam0/drivers/extint/extint_callback.o
 .debug_macro   0x0000cc4f      0x225 src/ASF/sam0/drivers/extint/extint_callback.o
 .debug_macro   0x0000ce74       0x82 src/ASF/sam0/drivers/extint/extint_callback.o
 .debug_macro   0x0000cef6      0x19a src/ASF/sam0/drivers/extint/extint_callback.o
 .debug_macro   0x0000d090       0xa0 src/ASF/sam0/drivers/extint/extint_callback.o
 .debug_macro   0x0000d130       0xc4 src/ASF/sam0/drivers/extint/extint_callback.o
 .debug_macro   0x0000d1f4       0x1c src/ASF/sam0/drivers/extint/extint_callback.o
 .debug_macro   0x0000d210       0x1c src/ASF/sam0/drivers/extint/extint_callback.o
 .debug_macro   0x0000d22c       0x1c src/ASF/sam0/drivers/extint/extint_callback.o
 .debug_macro   0x0000d248       0x82 src/ASF/sam0/drivers/extint/extint_callback.o
 .debug_macro   0x0000d2ca      0x112 src/ASF/sam0/drivers/extint/extint_callback.o
 .debug_macro   0x0000d3dc       0xdc src/ASF/sam0/drivers/extint/extint_callback.o
 .debug_macro   0x0000d4b8      0x132 src/ASF/sam0/drivers/extint/extint_callback.o
 .debug_macro   0x0000d5ea      0x132 src/ASF/sam0/drivers/extint/extint_callback.o
 .debug_macro   0x0000d71c      0x11e src/ASF/sam0/drivers/extint/extint_callback.o
 .debug_macro   0x0000d83a       0xe2 src/ASF/sam0/drivers/extint/extint_callback.o
 .debug_macro   0x0000d91c       0xe2 src/ASF/sam0/drivers/extint/extint_callback.o
 .debug_macro   0x0000d9fe      0x12f src/ASF/sam0/drivers/extint/extint_callback.o
 .debug_macro   0x0000db2d       0x40 src/ASF/sam0/drivers/extint/extint_callback.o
 .debug_macro   0x0000db6d      0x2c7 src/ASF/sam0/drivers/extint/extint_callback.o
 .debug_macro   0x0000de34      0x7bb src/ASF/sam0/drivers/extint/extint_callback.o
 .debug_macro   0x0000e5ef       0x5f src/ASF/sam0/drivers/extint/extint_callback.o
 .debug_macro   0x0000e64e       0x52 src/ASF/sam0/drivers/extint/extint_callback.o
 .debug_macro   0x0000e6a0       0x35 src/ASF/sam0/drivers/extint/extint_callback.o
 .debug_macro   0x0000e6d5       0x9c src/ASF/sam0/drivers/extint/extint_callback.o
 .debug_macro   0x0000e771       0x16 src/ASF/sam0/drivers/extint/extint_callback.o
 .debug_macro   0x0000e787       0x35 src/ASF/sam0/drivers/extint/extint_callback.o
 .debug_macro   0x0000e7bc      0x330 src/ASF/sam0/drivers/extint/extint_callback.o
 .debug_macro   0x0000eaec       0x10 src/ASF/sam0/drivers/extint/extint_callback.o
 .debug_macro   0x0000eafc       0x52 src/ASF/sam0/drivers/extint/extint_callback.o
 .debug_macro   0x0000eb4e       0x1f src/ASF/sam0/drivers/extint/extint_callback.o
 .debug_macro   0x0000eb6d       0x43 src/ASF/sam0/drivers/extint/extint_callback.o
 .debug_macro   0x0000ebb0       0x20 src/ASF/sam0/drivers/extint/extint_callback.o
 .debug_macro   0x0000ebd0      0x187 src/ASF/sam0/drivers/extint/extint_callback.o
 .debug_macro   0x0000ed57       0x10 src/ASF/sam0/drivers/extint/extint_callback.o
 .debug_macro   0x0000ed67       0x1c src/ASF/sam0/drivers/extint/extint_callback.o
 .debug_macro   0x0000ed83       0x52 src/ASF/sam0/drivers/extint/extint_callback.o
 .debug_macro   0x0000edd5       0x40 src/ASF/sam0/drivers/extint/extint_callback.o
 .debug_macro   0x0000ee15       0x10 src/ASF/sam0/drivers/extint/extint_callback.o
 .debug_macro   0x0000ee25       0x40 src/ASF/sam0/drivers/extint/extint_callback.o
 .debug_macro   0x0000ee65       0xd7 src/ASF/sam0/drivers/extint/extint_callback.o
 .debug_macro   0x0000ef3c       0x16 src/ASF/sam0/drivers/extint/extint_callback.o
 .debug_macro   0x0000ef52      0x18b src/ASF/sam0/drivers/extint/extint_callback.o
 .debug_macro   0x0000f0dd       0x16 src/ASF/sam0/drivers/extint/extint_callback.o
 .debug_macro   0x0000f0f3       0x16 src/ASF/sam0/drivers/extint/extint_callback.o
 .debug_macro   0x0000f109       0x29 src/ASF/sam0/drivers/extint/extint_callback.o
 .debug_macro   0x0000f132       0x51 src/ASF/sam0/drivers/extint/extint_callback.o
 .debug_macro   0x0000f183       0x3f src/ASF/sam0/drivers/extint/extint_callback.o
 .debug_macro   0x0000f1c2      0x3df src/ASF/sam0/drivers/extint/extint_callback.o
 .debug_macro   0x0000f5a1       0x18 src/ASF/sam0/drivers/extint/extint_callback.o
 .debug_macro   0x0000f5b9       0x19 src/ASF/sam0/drivers/extint/extint_callback.o
 .debug_macro   0x0000f5d2      0x50f src/ASF/sam0/drivers/extint/extint_sam_d_r_h/extint.o
 .debug_macro   0x0000fae1       0x11 src/ASF/sam0/drivers/extint/extint_sam_d_r_h/extint.o
 .debug_macro   0x0000faf2       0x16 src/ASF/sam0/drivers/extint/extint_sam_d_r_h/extint.o
 .debug_macro   0x0000fb08       0x2e src/ASF/sam0/drivers/extint/extint_sam_d_r_h/extint.o
 .debug_macro   0x0000fb36       0x1f src/ASF/sam0/drivers/extint/extint_sam_d_r_h/extint.o
 .debug_macro   0x0000fb55       0x16 src/ASF/sam0/drivers/extint/extint_sam_d_r_h/extint.o
 .debug_macro   0x0000fb6b      0x4ac src/ASF/sam0/drivers/port/port.o
 .debug_macro   0x00010017      0x53f src/ASF/sam0/drivers/sercom/i2c/i2c_sam0/i2c_master.o
 .debug_macro   0x00010556       0x42 src/ASF/sam0/drivers/sercom/i2c/i2c_sam0/i2c_master.o
 .debug_macro   0x00010598       0x10 src/ASF/sam0/drivers/sercom/i2c/i2c_sam0/i2c_master.o
 .debug_macro   0x000105a8       0x27 src/ASF/sam0/drivers/sercom/i2c/i2c_sam0/i2c_master.o
 .debug_macro   0x000105cf      0x53b src/ASF/sam0/drivers/sercom/i2c/i2c_sam0/i2c_master_interrupt.o
 .debug_macro   0x00010b0a      0x5d7 src/ASF/sam0/drivers/tcc/tcc.o
 .debug_macro   0x000110e1       0x19 src/ASF/sam0/drivers/tcc/tcc.o
 .debug_macro   0x000110fa       0x74 src/ASF/sam0/drivers/tcc/tcc.o
 .debug_macro   0x0001116e      0x50a src/ASF/sam0/drivers/tcc/tcc_callback.o
 .debug_macro   0x00011678      0x519 src/ASF/sam0/drivers/tc/tc_sam_d_r_h/tc.o
 .debug_macro   0x00011b91       0x19 src/ASF/sam0/drivers/tc/tc_sam_d_r_h/tc.o
 .debug_macro   0x00011baa       0x51 src/ASF/sam0/drivers/tc/tc_sam_d_r_h/tc.o
 .debug_macro   0x00011bfb      0x4fe src/ASF/sam0/drivers/tc/tc_interrupt.o
 .debug_macro   0x000120f9      0x51d src/ASF/sam0/drivers/sercom/sercom.o
 .debug_macro   0x00012616      0x51a src/ASF/sam0/drivers/sercom/sercom_interrupt.o
 .debug_macro   0x00012b30      0x5cf src/find_pwm.o
 .debug_macro   0x000130ff      0x2c6 src/find_pwm.o
 .debug_macro   0x000133c5       0x11 src/find_pwm.o
 .debug_macro   0x000133d6       0x2d src/find_pwm.o
 .debug_macro   0x00013403       0x6c src/find_pwm.o
 .debug_macro   0x0001346f       0x8f src/find_pwm.o
 .debug_macro   0x000134fe       0x1c src/find_pwm.o
 .debug_macro   0x0001351a      0x5d8 src/i2c_encoders.o
 .debug_macro   0x00013af2       0x4c src/i2c_encoders.o
 .debug_macro   0x00013b3e       0x10 src/i2c_encoders.o
 .debug_macro   0x00013b4e      0x623 src/main.o
 .debug_macro   0x00014171      0x5d8 src/servo_control.o
 .debug_macro   0x00014749      0x5c6 src/ASF/common2/boards/user_board/init.o
 .debug_macro   0x00014d0f      0x490 src/ASF/common/utils/interrupt/interrupt_sam_nvic.o
 .debug_macro   0x0001519f      0x4f5 src/ASF/sam0/drivers/system/clock/clock_samd09_d10_d11/clock.o
 .debug_macro   0x00015694      0x234 src/ASF/sam0/drivers/system/clock/clock_samd09_d10_d11/clock.o
 .debug_macro   0x000158c8      0x4c6 src/ASF/sam0/drivers/system/clock/clock_samd09_d10_d11/gclk.o
 .debug_macro   0x00015d8e      0x4a0 src/ASF/sam0/drivers/system/pinmux/pinmux.o
 .debug_macro   0x0001622e       0x12 src/ASF/sam0/drivers/system/pinmux/pinmux.o
 .debug_macro   0x00016240      0x4d3 src/ASF/sam0/drivers/system/system.o
 .debug_macro   0x00016713      0x277 src/ASF/sam0/utils/cmsis/samd10/source/gcc/startup_samd10.o
 .debug_macro   0x0001698a       0x3a src/ASF/sam0/utils/cmsis/samd10/source/gcc/startup_samd10.o

.debug_line     0x00000000     0xf6cf
 .debug_line    0x00000000      0x953 src/ASF/sam0/drivers/extint/extint_callback.o
 .debug_line    0x00000953      0xbb4 src/ASF/sam0/drivers/extint/extint_sam_d_r_h/extint.o
 .debug_line    0x00001507      0x87d src/ASF/sam0/drivers/port/port.o
 .debug_line    0x00001d84      0xdd1 src/ASF/sam0/drivers/sercom/i2c/i2c_sam0/i2c_master.o
 .debug_line    0x00002b55      0xd51 src/ASF/sam0/drivers/sercom/i2c/i2c_sam0/i2c_master_interrupt.o
 .debug_line    0x000038a6      0xdac src/ASF/sam0/drivers/tcc/tcc.o
 .debug_line    0x00004652      0xa11 src/ASF/sam0/drivers/tcc/tcc_callback.o
 .debug_line    0x00005063      0xd16 src/ASF/sam0/drivers/tc/tc_sam_d_r_h/tc.o
 .debug_line    0x00005d79      0x9f4 src/ASF/sam0/drivers/tc/tc_interrupt.o
 .debug_line    0x0000676d      0xb18 src/ASF/sam0/drivers/sercom/sercom.o
 .debug_line    0x00007285      0xaaa src/ASF/sam0/drivers/sercom/sercom_interrupt.o
 .debug_line    0x00007d2f      0xcc8 src/find_pwm.o
 .debug_line    0x000089f7      0xe48 src/i2c_encoders.o
 .debug_line    0x0000983f      0xdba src/main.o
 .debug_line    0x0000a5f9      0xcae src/servo_control.o
 .debug_line    0x0000b2a7      0xc07 src/ASF/common2/boards/user_board/init.o
 .debug_line    0x0000beae      0x851 src/ASF/common/utils/interrupt/interrupt_sam_nvic.o
 .debug_line    0x0000c6ff      0xbce src/ASF/sam0/drivers/system/clock/clock_samd09_d10_d11/clock.o
 .debug_line    0x0000d2cd      0xbfa src/ASF/sam0/drivers/system/clock/clock_samd09_d10_d11/gclk.o
 .debug_line    0x0000dec7      0x8ca src/ASF/sam0/drivers/system/pinmux/pinmux.o
 .debug_line    0x0000e791      0x971 src/ASF/sam0/drivers/system/system.o
 .debug_line    0x0000f102      0x5cd src/ASF/sam0/utils/cmsis/samd10/source/gcc/startup_samd10.o

.debug_str      0x00000000    0x6d993
 .debug_str     0x00000000    0x63667 src/ASF/sam0/drivers/extint/extint_callback.o
                              0x63bcb (size before relaxing)
 .debug_str     0x00063667      0xefc src/ASF/sam0/drivers/extint/extint_sam_d_r_h/extint.o
                              0x649f9 (size before relaxing)
 .debug_str     0x00064563      0x299 src/ASF/sam0/drivers/port/port.o
                              0x63891 (size before relaxing)
 .debug_str     0x000647fc     0x1416 src/ASF/sam0/drivers/sercom/i2c/i2c_sam0/i2c_master.o
                              0x656b2 (size before relaxing)
 .debug_str     0x00065c12      0x248 src/ASF/sam0/drivers/sercom/i2c/i2c_sam0/i2c_master_interrupt.o
                              0x647ac (size before relaxing)
 .debug_str     0x00065e5a     0x275e src/ASF/sam0/drivers/tcc/tcc.o
                              0x66886 (size before relaxing)
 .debug_str     0x000685b8      0x1b0 src/ASF/sam0/drivers/tcc/tcc_callback.o
                              0x64c6f (size before relaxing)
 .debug_str     0x00068768      0xa29 src/ASF/sam0/drivers/tc/tc_sam_d_r_h/tc.o
                              0x64a65 (size before relaxing)
 .debug_str     0x00069191       0xc2 src/ASF/sam0/drivers/tc/tc_interrupt.o
                              0x64176 (size before relaxing)
 .debug_str     0x00069253      0x367 src/ASF/sam0/drivers/sercom/sercom.o
                              0x647d5 (size before relaxing)
 .debug_str     0x000695ba      0x158 src/ASF/sam0/drivers/sercom/sercom_interrupt.o
                              0x6451d (size before relaxing)
 .debug_str     0x00069712      0xa8c src/find_pwm.o
                              0x65cf6 (size before relaxing)
 .debug_str     0x0006a19e      0x483 src/i2c_encoders.o
                              0x67d5e (size before relaxing)
 .debug_str     0x0006a621      0x21c src/main.o
                              0x66624 (size before relaxing)
 .debug_str     0x0006a83d       0xb5 src/servo_control.o
                              0x667e6 (size before relaxing)
 .debug_str     0x0006a8f2       0x3e src/ASF/common2/boards/user_board/init.o
                              0x6495f (size before relaxing)
 .debug_str     0x0006a930       0x53 src/ASF/common/utils/interrupt/interrupt_sam_nvic.o
                              0x6347a (size before relaxing)
 .debug_str     0x0006a983     0x249e src/ASF/sam0/drivers/system/clock/clock_samd09_d10_d11/clock.o
                              0x662ce (size before relaxing)
 .debug_str     0x0006ce21      0x1d6 src/ASF/sam0/drivers/system/clock/clock_samd09_d10_d11/gclk.o
                              0x640d0 (size before relaxing)
 .debug_str     0x0006cff7      0x179 src/ASF/sam0/drivers/system/pinmux/pinmux.o
                              0x6391c (size before relaxing)
 .debug_str     0x0006d170       0x3b src/ASF/sam0/drivers/system/system.o
                              0x63557 (size before relaxing)
 .debug_str     0x0006d1ab      0x7e8 src/ASF/sam0/utils/cmsis/samd10/source/gcc/startup_samd10.o
                              0x4ee03 (size before relaxing)

.debug_frame    0x00000000     0x11b0
 .debug_frame   0x00000000       0x7c src/ASF/sam0/drivers/extint/extint_callback.o
 .debug_frame   0x0000007c       0xb8 src/ASF/sam0/drivers/extint/extint_sam_d_r_h/extint.o
 .debug_frame   0x00000134       0x44 src/ASF/sam0/drivers/port/port.o
 .debug_frame   0x00000178      0x1ec src/ASF/sam0/drivers/sercom/i2c/i2c_sam0/i2c_master.o
 .debug_frame   0x00000364      0x170 src/ASF/sam0/drivers/sercom/i2c/i2c_sam0/i2c_master_interrupt.o
 .debug_frame   0x000004d4      0x1e4 src/ASF/sam0/drivers/tcc/tcc.o
 .debug_frame   0x000006b8       0xa4 src/ASF/sam0/drivers/tcc/tcc_callback.o
 .debug_frame   0x0000075c       0xa8 src/ASF/sam0/drivers/tc/tc_sam_d_r_h/tc.o
 .debug_frame   0x00000804       0x7c src/ASF/sam0/drivers/tc/tc_interrupt.o
 .debug_frame   0x00000880       0xb0 src/ASF/sam0/drivers/sercom/sercom.o
 .debug_frame   0x00000930       0x88 src/ASF/sam0/drivers/sercom/sercom_interrupt.o
 .debug_frame   0x000009b8       0xb0 src/find_pwm.o
 .debug_frame   0x00000a68      0x1b4 src/i2c_encoders.o
 .debug_frame   0x00000c1c       0xd4 src/main.o
 .debug_frame   0x00000cf0       0x68 src/servo_control.o
 .debug_frame   0x00000d58       0x20 src/ASF/common2/boards/user_board/init.o
 .debug_frame   0x00000d78       0x30 src/ASF/common/utils/interrupt/interrupt_sam_nvic.o
 .debug_frame   0x00000da8      0x14c src/ASF/sam0/drivers/system/clock/clock_samd09_d10_d11/clock.o
 .debug_frame   0x00000ef4      0x148 src/ASF/sam0/drivers/system/clock/clock_samd09_d10_d11/gclk.o
 .debug_frame   0x0000103c       0x98 src/ASF/sam0/drivers/system/pinmux/pinmux.o
 .debug_frame   0x000010d4       0x38 src/ASF/sam0/drivers/system/system.o
 .debug_frame   0x0000110c       0x38 src/ASF/sam0/utils/cmsis/samd10/source/gcc/startup_samd10.o
 .debug_frame   0x00001144       0x20 c:/program files (x86)/atmel/studio/7.0/toolchain/arm/arm-gnu-toolchain/bin/../lib/gcc/arm-none-eabi/6.2.1/thumb/v6-m\libgcc.a(_udivsi3.o)
 .debug_frame   0x00001164       0x20 c:/program files (x86)/atmel/studio/7.0/toolchain/arm/arm-gnu-toolchain/bin/../lib/gcc/arm-none-eabi/6.2.1/thumb/v6-m\libgcc.a(_divsi3.o)
 .debug_frame   0x00001184       0x2c c:/program files (x86)/atmel/studio/7.0/toolchain/arm/arm-gnu-toolchain/bin/../lib/gcc/arm-none-eabi/6.2.1/../../../../arm-none-eabi/lib/thumb/v6-m\libc_nano.a(lib_a-init.o)

Cross Reference Table

Symbol                                            File
AC_Handler                                        src/ASF/sam0/utils/cmsis/samd10/source/gcc/startup_samd10.o
ADC_Handler                                       src/ASF/sam0/utils/cmsis/samd10/source/gcc/startup_samd10.o
DAC_Handler                                       src/ASF/sam0/utils/cmsis/samd10/source/gcc/startup_samd10.o
DMAC_Handler                                      src/ASF/sam0/utils/cmsis/samd10/source/gcc/startup_samd10.o
Dummy_Handler                                     src/ASF/sam0/utils/cmsis/samd10/source/gcc/startup_samd10.o
EIC_Handler                                       src/ASF/sam0/drivers/extint/extint_callback.o
EVSYS_Handler                                     src/ASF/sam0/utils/cmsis/samd10/source/gcc/startup_samd10.o
HardFault_Handler                                 src/ASF/sam0/utils/cmsis/samd10/source/gcc/startup_samd10.o
NMI_Handler                                       src/ASF/sam0/utils/cmsis/samd10/source/gcc/startup_samd10.o
NVMCTRL_Handler                                   src/ASF/sam0/utils/cmsis/samd10/source/gcc/startup_samd10.o
PM_Handler                                        src/ASF/sam0/utils/cmsis/samd10/source/gcc/startup_samd10.o
PTC_Handler                                       src/ASF/sam0/utils/cmsis/samd10/source/gcc/startup_samd10.o
PendSV_Handler                                    src/ASF/sam0/utils/cmsis/samd10/source/gcc/startup_samd10.o
RTC_Handler                                       src/ASF/sam0/utils/cmsis/samd10/source/gcc/startup_samd10.o
Reset_Handler                                     src/ASF/sam0/utils/cmsis/samd10/source/gcc/startup_samd10.o
SERCOM0_Handler                                   src/ASF/sam0/drivers/sercom/sercom_interrupt.o
SERCOM1_Handler                                   src/ASF/sam0/drivers/sercom/sercom_interrupt.o
SVC_Handler                                       src/ASF/sam0/utils/cmsis/samd10/source/gcc/startup_samd10.o
SYSCTRL_Handler                                   src/ASF/sam0/utils/cmsis/samd10/source/gcc/startup_samd10.o
SysTick_Handler                                   src/ASF/sam0/utils/cmsis/samd10/source/gcc/startup_samd10.o
SystemCoreClock                                   src/ASF/sam0/utils/cmsis/samd10/source/system_samd10.o
SystemCoreClockUpdate                             src/ASF/sam0/utils/cmsis/samd10/source/system_samd10.o
SystemInit                                        src/ASF/sam0/utils/cmsis/samd10/source/system_samd10.o
TC1_Handler                                       src/ASF/sam0/drivers/tc/tc_interrupt.o
TC2_Handler                                       src/ASF/sam0/drivers/tc/tc_interrupt.o
TCC0_Handler                                      src/ASF/sam0/drivers/tcc/tcc_callback.o
WDT_Handler                                       src/ASF/sam0/utils/cmsis/samd10/source/gcc/startup_samd10.o
_Jv_RegisterClasses                               c:/program files (x86)/atmel/studio/7.0/toolchain/arm/arm-gnu-toolchain/bin/../lib/gcc/arm-none-eabi/6.2.1/thumb/v6-m/crtbegin.o
__aeabi_idiv                                      c:/program files (x86)/atmel/studio/7.0/toolchain/arm/arm-gnu-toolchain/bin/../lib/gcc/arm-none-eabi/6.2.1/thumb/v6-m\libgcc.a(_divsi3.o)
                                                  src/main.o
__aeabi_idiv0                                     c:/program files (x86)/atmel/studio/7.0/toolchain/arm/arm-gnu-toolchain/bin/../lib/gcc/arm-none-eabi/6.2.1/thumb/v6-m\libgcc.a(_dvmd_tls.o)
                                                  c:/program files (x86)/atmel/studio/7.0/toolchain/arm/arm-gnu-toolchain/bin/../lib/gcc/arm-none-eabi/6.2.1/thumb/v6-m\libgcc.a(_divsi3.o)
                                                  c:/program files (x86)/atmel/studio/7.0/toolchain/arm/arm-gnu-toolchain/bin/../lib/gcc/arm-none-eabi/6.2.1/thumb/v6-m\libgcc.a(_udivsi3.o)
__aeabi_idivmod                                   c:/program files (x86)/atmel/studio/7.0/toolchain/arm/arm-gnu-toolchain/bin/../lib/gcc/arm-none-eabi/6.2.1/thumb/v6-m\libgcc.a(_divsi3.o)
__aeabi_ldiv0                                     c:/program files (x86)/atmel/studio/7.0/toolchain/arm/arm-gnu-toolchain/bin/../lib/gcc/arm-none-eabi/6.2.1/thumb/v6-m\libgcc.a(_dvmd_tls.o)
__aeabi_lmul                                      c:/program files (x86)/atmel/studio/7.0/toolchain/arm/arm-gnu-toolchain/bin/../lib/gcc/arm-none-eabi/6.2.1/thumb/v6-m\libgcc.a(_muldi3.o)
                                                  src/ASF/sam0/drivers/sercom/sercom.o
__aeabi_uidiv                                     c:/program files (x86)/atmel/studio/7.0/toolchain/arm/arm-gnu-toolchain/bin/../lib/gcc/arm-none-eabi/6.2.1/thumb/v6-m\libgcc.a(_udivsi3.o)
                                                  src/ASF/sam0/drivers/system/clock/clock_samd09_d10_d11/gclk.o
                                                  src/ASF/sam0/drivers/system/clock/clock_samd09_d10_d11/clock.o
                                                  src/main.o
                                                  src/ASF/sam0/drivers/sercom/i2c/i2c_sam0/i2c_master.o
__aeabi_uidivmod                                  c:/program files (x86)/atmel/studio/7.0/toolchain/arm/arm-gnu-toolchain/bin/../lib/gcc/arm-none-eabi/6.2.1/thumb/v6-m\libgcc.a(_udivsi3.o)
__bss_end__                                       c:/program files (x86)/atmel/studio/7.0/toolchain/arm/arm-gnu-toolchain/bin/../lib/gcc/arm-none-eabi/6.2.1/../../../../arm-none-eabi/lib/thumb/v6-m/crt0.o
__bss_start__                                     c:/program files (x86)/atmel/studio/7.0/toolchain/arm/arm-gnu-toolchain/bin/../lib/gcc/arm-none-eabi/6.2.1/../../../../arm-none-eabi/lib/thumb/v6-m/crt0.o
__call_exitprocs                                  c:/program files (x86)/atmel/studio/7.0/toolchain/arm/arm-gnu-toolchain/bin/../lib/gcc/arm-none-eabi/6.2.1/../../../../arm-none-eabi/lib/thumb/v6-m\libc_nano.a(lib_a-exit.o)
__deregister_frame_info                           c:/program files (x86)/atmel/studio/7.0/toolchain/arm/arm-gnu-toolchain/bin/../lib/gcc/arm-none-eabi/6.2.1/thumb/v6-m/crtbegin.o
__divsi3                                          c:/program files (x86)/atmel/studio/7.0/toolchain/arm/arm-gnu-toolchain/bin/../lib/gcc/arm-none-eabi/6.2.1/thumb/v6-m\libgcc.a(_divsi3.o)
__dso_handle                                      c:/program files (x86)/atmel/studio/7.0/toolchain/arm/arm-gnu-toolchain/bin/../lib/gcc/arm-none-eabi/6.2.1/thumb/v6-m/crtbegin.o
__init_array_end                                  c:/program files (x86)/atmel/studio/7.0/toolchain/arm/arm-gnu-toolchain/bin/../lib/gcc/arm-none-eabi/6.2.1/../../../../arm-none-eabi/lib/thumb/v6-m\libc_nano.a(lib_a-init.o)
__init_array_start                                c:/program files (x86)/atmel/studio/7.0/toolchain/arm/arm-gnu-toolchain/bin/../lib/gcc/arm-none-eabi/6.2.1/../../../../arm-none-eabi/lib/thumb/v6-m\libc_nano.a(lib_a-init.o)
__libc_fini_array                                 c:/program files (x86)/atmel/studio/7.0/toolchain/arm/arm-gnu-toolchain/bin/../lib/gcc/arm-none-eabi/6.2.1/../../../../arm-none-eabi/lib/thumb/v6-m/crt0.o
__libc_init_array                                 c:/program files (x86)/atmel/studio/7.0/toolchain/arm/arm-gnu-toolchain/bin/../lib/gcc/arm-none-eabi/6.2.1/../../../../arm-none-eabi/lib/thumb/v6-m\libc_nano.a(lib_a-init.o)
                                                  src/ASF/sam0/utils/cmsis/samd10/source/gcc/startup_samd10.o
                                                  c:/program files (x86)/atmel/studio/7.0/toolchain/arm/arm-gnu-toolchain/bin/../lib/gcc/arm-none-eabi/6.2.1/../../../../arm-none-eabi/lib/thumb/v6-m/crt0.o
__muldi3                                          c:/program files (x86)/atmel/studio/7.0/toolchain/arm/arm-gnu-toolchain/bin/../lib/gcc/arm-none-eabi/6.2.1/thumb/v6-m\libgcc.a(_muldi3.o)
__preinit_array_end                               c:/program files (x86)/atmel/studio/7.0/toolchain/arm/arm-gnu-toolchain/bin/../lib/gcc/arm-none-eabi/6.2.1/../../../../arm-none-eabi/lib/thumb/v6-m\libc_nano.a(lib_a-init.o)
__preinit_array_start                             c:/program files (x86)/atmel/studio/7.0/toolchain/arm/arm-gnu-toolchain/bin/../lib/gcc/arm-none-eabi/6.2.1/../../../../arm-none-eabi/lib/thumb/v6-m\libc_nano.a(lib_a-init.o)
__register_frame_info                             c:/program files (x86)/atmel/studio/7.0/toolchain/arm/arm-gnu-toolchain/bin/../lib/gcc/arm-none-eabi/6.2.1/thumb/v6-m/crtbegin.o
__sf_fake_stderr                                  c:/program files (x86)/atmel/studio/7.0/toolchain/arm/arm-gnu-toolchain/bin/../lib/gcc/arm-none-eabi/6.2.1/../../../../arm-none-eabi/lib/thumb/v6-m\libc_nano.a(lib_a-impure.o)
__sf_fake_stdin                                   c:/program files (x86)/atmel/studio/7.0/toolchain/arm/arm-gnu-toolchain/bin/../lib/gcc/arm-none-eabi/6.2.1/../../../../arm-none-eabi/lib/thumb/v6-m\libc_nano.a(lib_a-impure.o)
__sf_fake_stdout                                  c:/program files (x86)/atmel/studio/7.0/toolchain/arm/arm-gnu-toolchain/bin/../lib/gcc/arm-none-eabi/6.2.1/../../../../arm-none-eabi/lib/thumb/v6-m\libc_nano.a(lib_a-impure.o)
__stack                                           c:/program files (x86)/atmel/studio/7.0/toolchain/arm/arm-gnu-toolchain/bin/../lib/gcc/arm-none-eabi/6.2.1/../../../../arm-none-eabi/lib/thumb/v6-m/crt0.o
__udivsi3                                         c:/program files (x86)/atmel/studio/7.0/toolchain/arm/arm-gnu-toolchain/bin/../lib/gcc/arm-none-eabi/6.2.1/thumb/v6-m\libgcc.a(_udivsi3.o)
_close                                            src/ASF/sam0/utils/syscalls/gcc/syscalls.o
_current_channel                                  src/ASF/sam0/drivers/extint/extint_callback.o
_end                                              src/ASF/sam0/utils/syscalls/gcc/syscalls.o
_erelocate                                        src/ASF/sam0/utils/cmsis/samd10/source/gcc/startup_samd10.o
_estack                                           src/ASF/sam0/utils/cmsis/samd10/source/gcc/startup_samd10.o
_etext                                            src/ASF/sam0/utils/cmsis/samd10/source/gcc/startup_samd10.o
_exit                                             src/ASF/sam0/utils/syscalls/gcc/syscalls.o
                                                  c:/program files (x86)/atmel/studio/7.0/toolchain/arm/arm-gnu-toolchain/bin/../lib/gcc/arm-none-eabi/6.2.1/../../../../arm-none-eabi/lib/thumb/v6-m\libc_nano.a(lib_a-exit.o)
_extint_dev                                       src/ASF/sam0/drivers/extint/extint_sam_d_r_h/extint.o
                                                  src/ASF/sam0/drivers/extint/extint_callback.o
_ezero                                            src/ASF/sam0/utils/cmsis/samd10/source/gcc/startup_samd10.o
_fini                                             c:/program files (x86)/atmel/studio/7.0/toolchain/arm/arm-gnu-toolchain/bin/../lib/gcc/arm-none-eabi/6.2.1/thumb/v6-m/crti.o
_fstat                                            src/ASF/sam0/utils/syscalls/gcc/syscalls.o
_getpid                                           src/ASF/sam0/utils/syscalls/gcc/syscalls.o
_global_impure_ptr                                c:/program files (x86)/atmel/studio/7.0/toolchain/arm/arm-gnu-toolchain/bin/../lib/gcc/arm-none-eabi/6.2.1/../../../../arm-none-eabi/lib/thumb/v6-m\libc_nano.a(lib_a-impure.o)
                                                  c:/program files (x86)/atmel/studio/7.0/toolchain/arm/arm-gnu-toolchain/bin/../lib/gcc/arm-none-eabi/6.2.1/../../../../arm-none-eabi/lib/thumb/v6-m\libc_nano.a(lib_a-exit.o)
_i2c_master_address_response                      src/ASF/sam0/drivers/sercom/i2c/i2c_sam0/i2c_master.o
                                                  src/ASF/sam0/drivers/sercom/i2c/i2c_sam0/i2c_master_interrupt.o
_i2c_master_interrupt_handler                     src/ASF/sam0/drivers/sercom/i2c/i2c_sam0/i2c_master_interrupt.o
                                                  src/ASF/sam0/drivers/sercom/i2c/i2c_sam0/i2c_master.o
_i2c_master_send_hs_master_code                   src/ASF/sam0/drivers/sercom/i2c/i2c_sam0/i2c_master.o
                                                  src/ASF/sam0/drivers/sercom/i2c/i2c_sam0/i2c_master_interrupt.o
_i2c_master_wait_for_bus                          src/ASF/sam0/drivers/sercom/i2c/i2c_sam0/i2c_master.o
                                                  src/ASF/sam0/drivers/sercom/i2c/i2c_sam0/i2c_master_interrupt.o
_impure_ptr                                       c:/program files (x86)/atmel/studio/7.0/toolchain/arm/arm-gnu-toolchain/bin/../lib/gcc/arm-none-eabi/6.2.1/../../../../arm-none-eabi/lib/thumb/v6-m\libc_nano.a(lib_a-impure.o)
_init                                             c:/program files (x86)/atmel/studio/7.0/toolchain/arm/arm-gnu-toolchain/bin/../lib/gcc/arm-none-eabi/6.2.1/thumb/v6-m/crti.o
                                                  c:/program files (x86)/atmel/studio/7.0/toolchain/arm/arm-gnu-toolchain/bin/../lib/gcc/arm-none-eabi/6.2.1/../../../../arm-none-eabi/lib/thumb/v6-m\libc_nano.a(lib_a-init.o)
_isatty                                           src/ASF/sam0/utils/syscalls/gcc/syscalls.o
_kill                                             src/ASF/sam0/utils/syscalls/gcc/syscalls.o
_lseek                                            src/ASF/sam0/utils/syscalls/gcc/syscalls.o
_mainCRTStartup                                   c:/program files (x86)/atmel/studio/7.0/toolchain/arm/arm-gnu-toolchain/bin/../lib/gcc/arm-none-eabi/6.2.1/../../../../arm-none-eabi/lib/thumb/v6-m/crt0.o
_sbrk                                             src/ASF/sam0/utils/syscalls/gcc/syscalls.o
_sercom_get_async_baud_val                        src/ASF/sam0/drivers/sercom/sercom.o
_sercom_get_default_pad                           src/ASF/sam0/drivers/sercom/sercom.o
                                                  src/ASF/sam0/drivers/sercom/i2c/i2c_sam0/i2c_master.o
_sercom_get_interrupt_vector                      src/ASF/sam0/drivers/sercom/sercom_interrupt.o
                                                  src/i2c_encoders.o
                                                  src/ASF/sam0/drivers/sercom/i2c/i2c_sam0/i2c_master.o
_sercom_get_sercom_inst_index                     src/ASF/sam0/drivers/sercom/sercom.o
                                                  src/ASF/sam0/drivers/sercom/sercom_interrupt.o
                                                  src/ASF/sam0/drivers/sercom/i2c/i2c_sam0/i2c_master.o
_sercom_get_sync_baud_val                         src/ASF/sam0/drivers/sercom/sercom.o
_sercom_instances                                 src/ASF/sam0/drivers/sercom/sercom_interrupt.o
                                                  src/ASF/sam0/drivers/sercom/i2c/i2c_sam0/i2c_master_interrupt.o
                                                  src/ASF/sam0/drivers/sercom/i2c/i2c_sam0/i2c_master.o
_sercom_set_handler                               src/ASF/sam0/drivers/sercom/sercom_interrupt.o
                                                  src/ASF/sam0/drivers/sercom/i2c/i2c_sam0/i2c_master.o
_sfixed                                           src/ASF/sam0/utils/cmsis/samd10/source/gcc/startup_samd10.o
_srelocate                                        src/ASF/sam0/utils/cmsis/samd10/source/gcc/startup_samd10.o
_start                                            c:/program files (x86)/atmel/studio/7.0/toolchain/arm/arm-gnu-toolchain/bin/../lib/gcc/arm-none-eabi/6.2.1/../../../../arm-none-eabi/lib/thumb/v6-m/crt0.o
_system_divas_init                                src/ASF/sam0/drivers/system/system.o
_system_dummy_init                                src/ASF/sam0/drivers/system/system.o
_system_events_init                               src/ASF/sam0/drivers/system/system.o
_system_extint_init                               src/ASF/sam0/drivers/extint/extint_sam_d_r_h/extint.o
_szero                                            src/ASF/sam0/utils/cmsis/samd10/source/gcc/startup_samd10.o
_tc_get_inst_index                                src/ASF/sam0/drivers/tc/tc_sam_d_r_h/tc.o
                                                  src/servo_control.o
                                                  src/i2c_encoders.o
_tc_instances                                     src/ASF/sam0/drivers/tc/tc_interrupt.o
                                                  src/ASF/sam0/drivers/tc/tc_sam_d_r_h/tc.o
_tc_interrupt_handler                             src/ASF/sam0/drivers/tc/tc_interrupt.o
_tcc_apbcmasks                                    src/ASF/sam0/drivers/tcc/tcc.o
_tcc_cc_nums                                      src/ASF/sam0/drivers/tcc/tcc.o
_tcc_exts                                         src/ASF/sam0/drivers/tcc/tcc.o
_tcc_gclk_ids                                     src/ASF/sam0/drivers/tcc/tcc.o
_tcc_get_inst_index                               src/ASF/sam0/drivers/tcc/tcc.o
                                                  src/ASF/sam0/drivers/tcc/tcc_callback.o
_tcc_instances                                    src/ASF/sam0/drivers/tcc/tcc_callback.o
                                                  src/ASF/sam0/drivers/tcc/tcc.o
_tcc_interrupt_handler                            src/ASF/sam0/drivers/tcc/tcc_callback.o
_tcc_intflag                                      src/ASF/sam0/drivers/tcc/tcc_callback.o
_tcc_maxs                                         src/ASF/sam0/drivers/tcc/tcc.o
_tcc_ow_nums                                      src/ASF/sam0/drivers/tcc/tcc.o
_tcc_sizes                                        src/ASF/sam0/drivers/tcc/tcc.o
atexit                                            c:/program files (x86)/atmel/studio/7.0/toolchain/arm/arm-gnu-toolchain/bin/../lib/gcc/arm-none-eabi/6.2.1/../../../../arm-none-eabi/lib/thumb/v6-m/crt0.o
board_init                                        src/ASF/common2/boards/user_board/init.o
check                                             src/main.o
check_motor                                       src/main.o
check_pwm                                         src/main.o
config_I2C_SERCOM2                                src/i2c_encoders.o
config_callbacks_tc1                              src/i2c_encoders.o
config_encoder                                    src/i2c_encoders.o
config_encoder_modules                            src/i2c_encoders.o
config_motors                                     src/i2c_encoders.o
config_tc1                                        src/i2c_encoders.o
config_tc2                                        src/find_pwm.o
configure_enable_pins                             src/i2c_encoders.o
configure_encoder                                 src/i2c_encoders.o
                                                  src/main.o
configure_ext_callback                            src/find_pwm.o
configure_pid_servo_control                       src/i2c_encoders.o
configure_pins                                    src/i2c_encoders.o
configure_pwm_falling_extint                      src/find_pwm.o
configure_pwm_rising_extint                       src/find_pwm.o
configure_sda_pin                                 src/i2c_encoders.o
convert2degree                                    src/main.o
cpu_irq_enter_critical                            src/ASF/common/utils/interrupt/interrupt_sam_nvic.o
                                                  src/ASF/sam0/drivers/system/clock/clock_samd09_d10_d11/gclk.o
                                                  src/ASF/sam0/drivers/sercom/i2c/i2c_sam0/i2c_master.o
cpu_irq_leave_critical                            src/ASF/common/utils/interrupt/interrupt_sam_nvic.o
                                                  src/ASF/sam0/drivers/system/clock/clock_samd09_d10_d11/gclk.o
                                                  src/ASF/sam0/drivers/sercom/i2c/i2c_sam0/i2c_master.o
enable_motor                                      src/i2c_encoders.o
                                                  src/main.o
error_code                                        src/i2c_encoders.o
exception_table                                   src/ASF/sam0/utils/cmsis/samd10/source/gcc/startup_samd10.o
exit                                              c:/program files (x86)/atmel/studio/7.0/toolchain/arm/arm-gnu-toolchain/bin/../lib/gcc/arm-none-eabi/6.2.1/../../../../arm-none-eabi/lib/thumb/v6-m\libc_nano.a(lib_a-exit.o)
                                                  c:/program files (x86)/atmel/studio/7.0/toolchain/arm/arm-gnu-toolchain/bin/../lib/gcc/arm-none-eabi/6.2.1/../../../../arm-none-eabi/lib/thumb/v6-m/crt0.o
extint_chan_disable_callback                      src/ASF/sam0/drivers/extint/extint_callback.o
extint_chan_enable_callback                       src/ASF/sam0/drivers/extint/extint_callback.o
                                                  src/find_pwm.o
extint_chan_get_config_defaults                   src/ASF/sam0/drivers/extint/extint_sam_d_r_h/extint.o
                                                  src/find_pwm.o
extint_chan_set_config                            src/ASF/sam0/drivers/extint/extint_sam_d_r_h/extint.o
                                                  src/find_pwm.o
extint_disable_events                             src/ASF/sam0/drivers/extint/extint_sam_d_r_h/extint.o
extint_enable_events                              src/ASF/sam0/drivers/extint/extint_sam_d_r_h/extint.o
extint_get_current_channel                        src/ASF/sam0/drivers/extint/extint_callback.o
extint_nmi_set_config                             src/ASF/sam0/drivers/extint/extint_sam_d_r_h/extint.o
extint_register_callback                          src/ASF/sam0/drivers/extint/extint_callback.o
                                                  src/find_pwm.o
extint_unregister_callback                        src/ASF/sam0/drivers/extint/extint_callback.o
filter_enable                                     src/main.o
                                                  src/servo_control.o
find_mode                                         src/main.o
g_interrupt_enabled                               src/ASF/common/utils/interrupt/interrupt_sam_nvic.o
                                                  src/main.o
get_data_encoders                                 src/servo_control.o
hardware_init_hook                                c:/program files (x86)/atmel/studio/7.0/toolchain/arm/arm-gnu-toolchain/bin/../lib/gcc/arm-none-eabi/6.2.1/../../../../arm-none-eabi/lib/thumb/v6-m/crt0.o
i2c_master_encoder                                src/servo_control.o
                                                  src/main.o
                                                  src/i2c_encoders.o
i2c_master_init                                   src/ASF/sam0/drivers/sercom/i2c/i2c_sam0/i2c_master.o
                                                  src/i2c_encoders.o
i2c_master_read_byte                              src/ASF/sam0/drivers/sercom/i2c/i2c_sam0/i2c_master.o
i2c_master_read_bytes                             src/ASF/sam0/drivers/sercom/i2c/i2c_sam0/i2c_master_interrupt.o
i2c_master_read_packet_job                        src/ASF/sam0/drivers/sercom/i2c/i2c_sam0/i2c_master_interrupt.o
i2c_master_read_packet_job_no_nack                src/ASF/sam0/drivers/sercom/i2c/i2c_sam0/i2c_master_interrupt.o
i2c_master_read_packet_job_no_stop                src/ASF/sam0/drivers/sercom/i2c/i2c_sam0/i2c_master_interrupt.o
i2c_master_read_packet_wait                       src/ASF/sam0/drivers/sercom/i2c/i2c_sam0/i2c_master.o
                                                  src/servo_control.o
i2c_master_read_packet_wait_no_nack               src/ASF/sam0/drivers/sercom/i2c/i2c_sam0/i2c_master.o
i2c_master_read_packet_wait_no_stop               src/ASF/sam0/drivers/sercom/i2c/i2c_sam0/i2c_master.o
i2c_master_register_callback                      src/ASF/sam0/drivers/sercom/i2c/i2c_sam0/i2c_master_interrupt.o
i2c_master_reset                                  src/ASF/sam0/drivers/sercom/i2c/i2c_sam0/i2c_master.o
i2c_master_send_nack                              src/ASF/sam0/drivers/sercom/i2c/i2c_sam0/i2c_master.o
i2c_master_send_stop                              src/ASF/sam0/drivers/sercom/i2c/i2c_sam0/i2c_master.o
i2c_master_unregister_callback                    src/ASF/sam0/drivers/sercom/i2c/i2c_sam0/i2c_master_interrupt.o
i2c_master_write_byte                             src/ASF/sam0/drivers/sercom/i2c/i2c_sam0/i2c_master.o
i2c_master_write_bytes                            src/ASF/sam0/drivers/sercom/i2c/i2c_sam0/i2c_master_interrupt.o
i2c_master_write_packet_job                       src/ASF/sam0/drivers/sercom/i2c/i2c_sam0/i2c_master_interrupt.o
i2c_master_write_packet_job_no_stop               src/ASF/sam0/drivers/sercom/i2c/i2c_sam0/i2c_master_interrupt.o
i2c_master_write_packet_wait                      src/ASF/sam0/drivers/sercom/i2c/i2c_sam0/i2c_master.o
                                                  src/i2c_encoders.o
i2c_master_write_packet_wait_no_stop              src/ASF/sam0/drivers/sercom/i2c/i2c_sam0/i2c_master.o
initialize_encoder                                src/i2c_encoders.o
initialize_find_pwm                               src/find_pwm.o
                                                  src/main.o
link                                              src/ASF/sam0/utils/syscalls/gcc/syscalls.o
main                                              src/main.o
                                                  src/ASF/sam0/utils/cmsis/samd10/source/gcc/startup_samd10.o
                                                  c:/program files (x86)/atmel/studio/7.0/toolchain/arm/arm-gnu-toolchain/bin/../lib/gcc/arm-none-eabi/6.2.1/../../../../arm-none-eabi/lib/thumb/v6-m/crt0.o
memset                                            c:/program files (x86)/atmel/studio/7.0/toolchain/arm/arm-gnu-toolchain/bin/../lib/gcc/arm-none-eabi/6.2.1/../../../../arm-none-eabi/lib/thumb/v6-m\libc_nano.a(lib_a-memset.o)
                                                  c:/program files (x86)/atmel/studio/7.0/toolchain/arm/arm-gnu-toolchain/bin/../lib/gcc/arm-none-eabi/6.2.1/../../../../arm-none-eabi/lib/thumb/v6-m/crt0.o
port_group_set_config                             src/ASF/sam0/drivers/port/port.o
port_pin_set_config                               src/ASF/sam0/drivers/port/port.o
                                                  src/i2c_encoders.o
position_error                                    src/main.o
                                                  src/servo_control.o
pwm_available                                     src/main.o
                                                  src/find_pwm.o
pwm_detection_callback                            src/find_pwm.o
pwm_rawvalue                                      src/main.o
                                                  src/find_pwm.o
read_encoders                                     src/servo_control.o
                                                  src/main.o
sercom_set_gclk_generator                         src/ASF/sam0/drivers/sercom/sercom.o
                                                  src/ASF/sam0/drivers/sercom/i2c/i2c_sam0/i2c_master.o
set_motion                                        src/main.o
set_motor                                         src/i2c_encoders.o
                                                  src/main.o
software_init_hook                                c:/program files (x86)/atmel/studio/7.0/toolchain/arm/arm-gnu-toolchain/bin/../lib/gcc/arm-none-eabi/6.2.1/../../../../arm-none-eabi/lib/thumb/v6-m/crt0.o
stop_flag                                         src/main.o
system_board_init                                 src/ASF/common2/boards/user_board/init.o
system_clock_init                                 src/ASF/sam0/drivers/system/clock/clock_samd09_d10_d11/clock.o
system_clock_source_dfll_set_config               src/ASF/sam0/drivers/system/clock/clock_samd09_d10_d11/clock.o
system_clock_source_disable                       src/ASF/sam0/drivers/system/clock/clock_samd09_d10_d11/clock.o
system_clock_source_dpll_set_config               src/ASF/sam0/drivers/system/clock/clock_samd09_d10_d11/clock.o
system_clock_source_enable                        src/ASF/sam0/drivers/system/clock/clock_samd09_d10_d11/clock.o
system_clock_source_get_hz                        src/ASF/sam0/drivers/system/clock/clock_samd09_d10_d11/clock.o
                                                  src/ASF/sam0/drivers/system/clock/clock_samd09_d10_d11/gclk.o
system_clock_source_is_ready                      src/ASF/sam0/drivers/system/clock/clock_samd09_d10_d11/clock.o
system_clock_source_osc32k_set_config             src/ASF/sam0/drivers/system/clock/clock_samd09_d10_d11/clock.o
system_clock_source_osc8m_set_config              src/ASF/sam0/drivers/system/clock/clock_samd09_d10_d11/clock.o
system_clock_source_write_calibration             src/ASF/sam0/drivers/system/clock/clock_samd09_d10_d11/clock.o
system_clock_source_xosc32k_set_config            src/ASF/sam0/drivers/system/clock/clock_samd09_d10_d11/clock.o
system_clock_source_xosc_set_config               src/ASF/sam0/drivers/system/clock/clock_samd09_d10_d11/clock.o
system_gclk_chan_disable                          src/ASF/sam0/drivers/system/clock/clock_samd09_d10_d11/gclk.o
                                                  src/ASF/sam0/drivers/extint/extint_sam_d_r_h/extint.o
system_gclk_chan_enable                           src/ASF/sam0/drivers/system/clock/clock_samd09_d10_d11/gclk.o
                                                  src/ASF/sam0/drivers/sercom/sercom.o
                                                  src/ASF/sam0/drivers/tc/tc_sam_d_r_h/tc.o
                                                  src/ASF/sam0/drivers/tcc/tcc.o
                                                  src/ASF/sam0/drivers/sercom/i2c/i2c_sam0/i2c_master.o
                                                  src/ASF/sam0/drivers/extint/extint_sam_d_r_h/extint.o
system_gclk_chan_get_hz                           src/ASF/sam0/drivers/system/clock/clock_samd09_d10_d11/gclk.o
                                                  src/ASF/sam0/drivers/system/clock/clock_samd09_d10_d11/clock.o
                                                  src/ASF/sam0/drivers/sercom/i2c/i2c_sam0/i2c_master.o
system_gclk_chan_is_enabled                       src/ASF/sam0/drivers/system/clock/clock_samd09_d10_d11/gclk.o
system_gclk_chan_is_locked                        src/ASF/sam0/drivers/system/clock/clock_samd09_d10_d11/gclk.o
system_gclk_chan_lock                             src/ASF/sam0/drivers/system/clock/clock_samd09_d10_d11/gclk.o
system_gclk_chan_set_config                       src/ASF/sam0/drivers/system/clock/clock_samd09_d10_d11/gclk.o
                                                  src/ASF/sam0/drivers/system/clock/clock_samd09_d10_d11/clock.o
                                                  src/ASF/sam0/drivers/sercom/sercom.o
                                                  src/ASF/sam0/drivers/tc/tc_sam_d_r_h/tc.o
                                                  src/ASF/sam0/drivers/tcc/tcc.o